{"build":1500,"commit":"a30b324","function":"server_cli","level":"INFO","line":2836,"msg":"build info","tid":"12622976","timestamp":1717616354}
{"function":"server_cli","level":"INFO","line":2839,"msg":"system info","n_threads":24,"n_threads_batch":-1,"system_info":"AVX = 1 | AVX_VNNI = 0 | AVX2 = 1 | AVX512 = 0 | AVX512_VBMI = 0 | AVX512_VNNI = 0 | FMA = 1 | NEON = 0 | ARM_FMA = 0 | F16C = 1 | FP16_VA = 0 | WASM_SIMD = 0 | BLAS = 0 | SSE3 = 1 | SSSE3 = 1 | VSX = 0 | MATMUL_INT8 = 0 | LLAMAFILE = 1 | ","tid":"12622976","timestamp":1717616354,"total_threads":48}
{"function":"load_model","level":"INFO","line":432,"msg":"Multi Modal Mode Enabled","tid":"12622976","timestamp":1717616354}
{"function":"initialize","level":"INFO","line":486,"msg":"initializing slots","n_slots":1,"tid":"12622976","timestamp":1717616355}
{"function":"initialize","level":"INFO","line":495,"msg":"new slot","n_ctx_slot":4096,"slot_id":0,"tid":"12622976","timestamp":1717616355}
{"function":"server_cli","level":"INFO","line":3057,"msg":"model loaded","tid":"12622976","timestamp":1717616355}
{"function":"server_cli","hostname":"0.0.0.0","level":"INFO","line":3180,"msg":"HTTP server listening","port":"8314","tid":"12622976","timestamp":1717616355}
{"function":"update_slots","level":"INFO","line":1653,"msg":"all slots are idle and system prompt is empty, clear the KV cache","tid":"12622976","timestamp":1717616355}
{"function":"process_single_task","level":"INFO","line":1581,"msg":"slot data","n_idle_slots":1,"n_processing_slots":0,"task_id":0,"tid":"12622976","timestamp":1717616355}
{"function":"log_server_request","level":"INFO","line":2761,"method":"GET","msg":"request","params":{},"path":"/health","remote_addr":"127.0.0.1","remote_port":48262,"status":200,"tid":"17594341515696","timestamp":1717616355}
{"function":"process_single_task","level":"INFO","line":1581,"msg":"slot data","n_idle_slots":1,"n_processing_slots":0,"task_id":1,"tid":"12622976","timestamp":1717616355}
{"function":"log_server_request","level":"INFO","line":2761,"method":"GET","msg":"request","params":{},"path":"/health","remote_addr":"127.0.0.1","remote_port":48276,"status":200,"tid":"17594334288192","timestamp":1717616355}
{"function":"launch_slot_with_data","level":"INFO","line":876,"msg":"slot is processing task","slot_id":0,"task_id":2,"tid":"12622976","timestamp":1717616356}
{"function":"update_slots","level":"INFO","line":1904,"msg":"kv cache rm [p0, end)","p0":0,"slot_id":0,"task_id":2,"tid":"12622976","timestamp":1717616356}
{"function":"print_timings","level":"INFO","line":310,"msg":"prompt eval time     =     509.57 ms /   743 tokens (    0.69 ms per token,  1458.10 tokens per second)","n_tokens_second":1458.1035626395796,"num_prompt_tokens_processed":743,"slot_id":0,"t_prompt_processing":509.566,"t_token":0.685822341857335,"task_id":2,"tid":"12622976","timestamp":1717616357}
{"function":"print_timings","level":"INFO","line":324,"msg":"generation eval time =     502.69 ms /    69 runs   (    7.29 ms per token,   137.26 tokens per second)","n_decoded":69,"n_tokens_second":137.26207906295753,"slot_id":0,"t_token":7.285333333333333,"t_token_generation":502.688,"task_id":2,"tid":"12622976","timestamp":1717616357}
{"function":"print_timings","level":"INFO","line":334,"msg":"          total time =    1012.25 ms","slot_id":0,"t_prompt_processing":509.566,"t_token_generation":502.688,"t_total":1012.2539999999999,"task_id":2,"tid":"12622976","timestamp":1717616357}
{"function":"update_slots","level":"INFO","line":1715,"msg":"slot released","n_cache_tokens":69,"n_ctx":4096,"n_past":811,"n_system_tokens":0,"slot_id":0,"task_id":2,"tid":"12622976","timestamp":1717616357,"truncated":false}
{"function":"log_server_request","level":"INFO","line":2761,"method":"POST","msg":"request","params":{},"path":"/completion","remote_addr":"127.0.0.1","remote_port":48284,"status":200,"tid":"17594334290000","timestamp":1717616357}
{"function":"launch_slot_with_data","level":"INFO","line":876,"msg":"slot is processing task","slot_id":0,"task_id":73,"tid":"12622976","timestamp":1717616357}
{"function":"update_slots","level":"INFO","line":1904,"msg":"kv cache rm [p0, end)","p0":0,"slot_id":0,"task_id":73,"tid":"12622976","timestamp":1717616357}
{"function":"print_timings","level":"INFO","line":310,"msg":"prompt eval time     =     613.28 ms /   743 tokens (    0.83 ms per token,  1211.51 tokens per second)","n_tokens_second":1211.5124665121975,"num_prompt_tokens_processed":743,"slot_id":0,"t_prompt_processing":613.283,"t_token":0.825414535666218,"task_id":73,"tid":"12622976","timestamp":1717616358}
{"function":"print_timings","level":"INFO","line":324,"msg":"generation eval time =     554.73 ms /    76 runs   (    7.30 ms per token,   137.00 tokens per second)","n_decoded":76,"n_tokens_second":137.00408127947392,"slot_id":0,"t_token":7.299052631578947,"t_token_generation":554.728,"task_id":73,"tid":"12622976","timestamp":1717616358}
{"function":"print_timings","level":"INFO","line":334,"msg":"          total time =    1168.01 ms","slot_id":0,"t_prompt_processing":613.283,"t_token_generation":554.728,"t_total":1168.011,"task_id":73,"tid":"12622976","timestamp":1717616358}
{"function":"update_slots","level":"INFO","line":1715,"msg":"slot released","n_cache_tokens":76,"n_ctx":4096,"n_past":818,"n_system_tokens":0,"slot_id":0,"task_id":73,"tid":"12622976","timestamp":1717616358,"truncated":false}
{"function":"log_server_request","level":"INFO","line":2761,"method":"POST","msg":"request","params":{},"path":"/completion","remote_addr":"127.0.0.1","remote_port":48300,"status":200,"tid":"17594334290256","timestamp":1717616358}
{"function":"launch_slot_with_data","level":"INFO","line":876,"msg":"slot is processing task","slot_id":0,"task_id":151,"tid":"12622976","timestamp":1717616358}
{"function":"update_slots","level":"INFO","line":1904,"msg":"kv cache rm [p0, end)","p0":0,"slot_id":0,"task_id":151,"tid":"12622976","timestamp":1717616358}
{"function":"print_timings","level":"INFO","line":310,"msg":"prompt eval time     =     409.30 ms /   743 tokens (    0.55 ms per token,  1815.31 tokens per second)","n_tokens_second":1815.3077105378245,"num_prompt_tokens_processed":743,"slot_id":0,"t_prompt_processing":409.297,"t_token":0.5508707940780619,"task_id":151,"tid":"12622976","timestamp":1717616359}
{"function":"print_timings","level":"INFO","line":324,"msg":"generation eval time =     787.03 ms /   107 runs   (    7.36 ms per token,   135.95 tokens per second)","n_decoded":107,"n_tokens_second":135.95329305558204,"slot_id":0,"t_token":7.355467289719626,"t_token_generation":787.035,"task_id":151,"tid":"12622976","timestamp":1717616359}
{"function":"print_timings","level":"INFO","line":334,"msg":"          total time =    1196.33 ms","slot_id":0,"t_prompt_processing":409.297,"t_token_generation":787.035,"t_total":1196.3319999999999,"task_id":151,"tid":"12622976","timestamp":1717616359}
{"function":"update_slots","level":"INFO","line":1715,"msg":"slot released","n_cache_tokens":107,"n_ctx":4096,"n_past":849,"n_system_tokens":0,"slot_id":0,"task_id":151,"tid":"12622976","timestamp":1717616359,"truncated":false}
{"function":"log_server_request","level":"INFO","line":2761,"method":"POST","msg":"request","params":{},"path":"/completion","remote_addr":"127.0.0.1","remote_port":41648,"status":200,"tid":"17594334287936","timestamp":1717616359}
{"function":"launch_slot_with_data","level":"INFO","line":876,"msg":"slot is processing task","slot_id":0,"task_id":260,"tid":"12622976","timestamp":1717616359}
{"function":"update_slots","level":"INFO","line":1904,"msg":"kv cache rm [p0, end)","p0":0,"slot_id":0,"task_id":260,"tid":"12622976","timestamp":1717616359}
{"function":"print_timings","level":"INFO","line":310,"msg":"prompt eval time     =     422.90 ms /   743 tokens (    0.57 ms per token,  1756.92 tokens per second)","n_tokens_second":1756.9165287301962,"num_prompt_tokens_processed":743,"slot_id":0,"t_prompt_processing":422.9,"t_token":0.5691790040376851,"task_id":260,"tid":"12622976","timestamp":1717616360}
{"function":"print_timings","level":"INFO","line":324,"msg":"generation eval time =     668.01 ms /    91 runs   (    7.34 ms per token,   136.23 tokens per second)","n_decoded":91,"n_tokens_second":136.225097752735,"slot_id":0,"t_token":7.340791208791209,"t_token_generation":668.012,"task_id":260,"tid":"12622976","timestamp":1717616360}
{"function":"print_timings","level":"INFO","line":334,"msg":"          total time =    1090.91 ms","slot_id":0,"t_prompt_processing":422.9,"t_token_generation":668.012,"t_total":1090.9119999999998,"task_id":260,"tid":"12622976","timestamp":1717616360}
{"function":"update_slots","level":"INFO","line":1715,"msg":"slot released","n_cache_tokens":91,"n_ctx":4096,"n_past":833,"n_system_tokens":0,"slot_id":0,"task_id":260,"tid":"12622976","timestamp":1717616360,"truncated":false}
{"function":"log_server_request","level":"INFO","line":2761,"method":"POST","msg":"request","params":{},"path":"/completion","remote_addr":"127.0.0.1","remote_port":41658,"status":200,"tid":"17594334302976","timestamp":1717616360}
{"function":"launch_slot_with_data","level":"INFO","line":876,"msg":"slot is processing task","slot_id":0,"task_id":353,"tid":"12622976","timestamp":1717616361}
{"function":"update_slots","level":"INFO","line":1904,"msg":"kv cache rm [p0, end)","p0":0,"slot_id":0,"task_id":353,"tid":"12622976","timestamp":1717616361}
{"function":"print_timings","level":"INFO","line":310,"msg":"prompt eval time     =     537.30 ms /   743 tokens (    0.72 ms per token,  1382.85 tokens per second)","n_tokens_second":1382.8478476522293,"num_prompt_tokens_processed":743,"slot_id":0,"t_prompt_processing":537.297,"t_token":0.7231453566621804,"task_id":353,"tid":"12622976","timestamp":1717616362}
{"function":"print_timings","level":"INFO","line":324,"msg":"generation eval time =     749.12 ms /   101 runs   (    7.42 ms per token,   134.82 tokens per second)","n_decoded":101,"n_tokens_second":134.82414126366263,"slot_id":0,"t_token":7.417069306930693,"t_token_generation":749.124,"task_id":353,"tid":"12622976","timestamp":1717616362}
{"function":"print_timings","level":"INFO","line":334,"msg":"          total time =    1286.42 ms","slot_id":0,"t_prompt_processing":537.297,"t_token_generation":749.124,"t_total":1286.421,"task_id":353,"tid":"12622976","timestamp":1717616362}
{"function":"update_slots","level":"INFO","line":1715,"msg":"slot released","n_cache_tokens":101,"n_ctx":4096,"n_past":843,"n_system_tokens":0,"slot_id":0,"task_id":353,"tid":"12622976","timestamp":1717616362,"truncated":false}
{"function":"log_server_request","level":"INFO","line":2761,"method":"POST","msg":"request","params":{},"path":"/completion","remote_addr":"127.0.0.1","remote_port":41660,"status":200,"tid":"17594334303360","timestamp":1717616362}
{"function":"launch_slot_with_data","level":"INFO","line":876,"msg":"slot is processing task","slot_id":0,"task_id":456,"tid":"12622976","timestamp":1717616362}
{"function":"update_slots","level":"INFO","line":1904,"msg":"kv cache rm [p0, end)","p0":0,"slot_id":0,"task_id":456,"tid":"12622976","timestamp":1717616362}
{"function":"print_timings","level":"INFO","line":310,"msg":"prompt eval time     =     363.44 ms /   743 tokens (    0.49 ms per token,  2044.36 tokens per second)","n_tokens_second":2044.3595761599609,"num_prompt_tokens_processed":743,"slot_id":0,"t_prompt_processing":363.439,"t_token":0.48915074024226113,"task_id":456,"tid":"12622976","timestamp":1717616363}
{"function":"print_timings","level":"INFO","line":324,"msg":"generation eval time =     637.64 ms /    87 runs   (    7.33 ms per token,   136.44 tokens per second)","n_decoded":87,"n_tokens_second":136.43955492476223,"slot_id":0,"t_token":7.3292528735632185,"t_token_generation":637.645,"task_id":456,"tid":"12622976","timestamp":1717616363}
{"function":"print_timings","level":"INFO","line":334,"msg":"          total time =    1001.08 ms","slot_id":0,"t_prompt_processing":363.439,"t_token_generation":637.645,"t_total":1001.0840000000001,"task_id":456,"tid":"12622976","timestamp":1717616363}
{"function":"update_slots","level":"INFO","line":1715,"msg":"slot released","n_cache_tokens":87,"n_ctx":4096,"n_past":829,"n_system_tokens":0,"slot_id":0,"task_id":456,"tid":"12622976","timestamp":1717616363,"truncated":false}
{"function":"log_server_request","level":"INFO","line":2761,"method":"POST","msg":"request","params":{},"path":"/completion","remote_addr":"127.0.0.1","remote_port":41662,"status":200,"tid":"17594334303712","timestamp":1717616363}
{"function":"launch_slot_with_data","level":"INFO","line":876,"msg":"slot is processing task","slot_id":0,"task_id":545,"tid":"12622976","timestamp":1717616363}
{"function":"update_slots","level":"INFO","line":1904,"msg":"kv cache rm [p0, end)","p0":0,"slot_id":0,"task_id":545,"tid":"12622976","timestamp":1717616363}
{"function":"print_timings","level":"INFO","line":310,"msg":"prompt eval time     =     421.10 ms /   743 tokens (    0.57 ms per token,  1764.43 tokens per second)","n_tokens_second":1764.426502018523,"num_prompt_tokens_processed":743,"slot_id":0,"t_prompt_processing":421.1,"t_token":0.566756393001346,"task_id":545,"tid":"12622976","timestamp":1717616364}
{"function":"print_timings","level":"INFO","line":324,"msg":"generation eval time =     494.41 ms /    68 runs   (    7.27 ms per token,   137.54 tokens per second)","n_decoded":68,"n_tokens_second":137.53711479494837,"slot_id":0,"t_token":7.270764705882352,"t_token_generation":494.412,"task_id":545,"tid":"12622976","timestamp":1717616364}
{"function":"print_timings","level":"INFO","line":334,"msg":"          total time =     915.51 ms","slot_id":0,"t_prompt_processing":421.1,"t_token_generation":494.412,"t_total":915.512,"task_id":545,"tid":"12622976","timestamp":1717616364}
{"function":"update_slots","level":"INFO","line":1715,"msg":"slot released","n_cache_tokens":68,"n_ctx":4096,"n_past":810,"n_system_tokens":0,"slot_id":0,"task_id":545,"tid":"12622976","timestamp":1717616364,"truncated":false}
{"function":"log_server_request","level":"INFO","line":2761,"method":"POST","msg":"request","params":{},"path":"/completion","remote_addr":"127.0.0.1","remote_port":41666,"status":200,"tid":"17594335720960","timestamp":1717616364}
{"function":"launch_slot_with_data","level":"INFO","line":876,"msg":"slot is processing task","slot_id":0,"task_id":615,"tid":"12622976","timestamp":1717616364}
{"function":"update_slots","level":"INFO","line":1904,"msg":"kv cache rm [p0, end)","p0":0,"slot_id":0,"task_id":615,"tid":"12622976","timestamp":1717616364}
{"function":"print_timings","level":"INFO","line":310,"msg":"prompt eval time     =     375.51 ms /   743 tokens (    0.51 ms per token,  1978.62 tokens per second)","n_tokens_second":1978.616033980001,"num_prompt_tokens_processed":743,"slot_id":0,"t_prompt_processing":375.515,"t_token":0.5054037685060565,"task_id":615,"tid":"12622976","timestamp":1717616365}
{"function":"print_timings","level":"INFO","line":324,"msg":"generation eval time =     427.54 ms /    59 runs   (    7.25 ms per token,   138.00 tokens per second)","n_decoded":59,"n_tokens_second":137.99781542441343,"slot_id":0,"t_token":7.246491525423729,"t_token_generation":427.543,"task_id":615,"tid":"12622976","timestamp":1717616365}
{"function":"print_timings","level":"INFO","line":334,"msg":"          total time =     803.06 ms","slot_id":0,"t_prompt_processing":375.515,"t_token_generation":427.543,"t_total":803.058,"task_id":615,"tid":"12622976","timestamp":1717616365}
{"function":"update_slots","level":"INFO","line":1715,"msg":"slot released","n_cache_tokens":59,"n_ctx":4096,"n_past":801,"n_system_tokens":0,"slot_id":0,"task_id":615,"tid":"12622976","timestamp":1717616365,"truncated":false}
{"function":"log_server_request","level":"INFO","line":2761,"method":"POST","msg":"request","params":{},"path":"/completion","remote_addr":"127.0.0.1","remote_port":41668,"status":200,"tid":"17594335726624","timestamp":1717616365}
{"function":"launch_slot_with_data","level":"INFO","line":876,"msg":"slot is processing task","slot_id":0,"task_id":676,"tid":"12622976","timestamp":1717616365}
{"function":"update_slots","level":"INFO","line":1904,"msg":"kv cache rm [p0, end)","p0":0,"slot_id":0,"task_id":676,"tid":"12622976","timestamp":1717616365}
{"function":"print_timings","level":"INFO","line":310,"msg":"prompt eval time     =     355.56 ms /   743 tokens (    0.48 ms per token,  2089.65 tokens per second)","n_tokens_second":2089.649625100545,"num_prompt_tokens_processed":743,"slot_id":0,"t_prompt_processing":355.562,"t_token":0.4785491251682369,"task_id":676,"tid":"12622976","timestamp":1717616366}
{"function":"print_timings","level":"INFO","line":324,"msg":"generation eval time =     487.32 ms /    67 runs   (    7.27 ms per token,   137.49 tokens per second)","n_decoded":67,"n_tokens_second":137.48666174177131,"slot_id":0,"t_token":7.273432835820896,"t_token_generation":487.32,"task_id":676,"tid":"12622976","timestamp":1717616366}
{"function":"print_timings","level":"INFO","line":334,"msg":"          total time =     842.88 ms","slot_id":0,"t_prompt_processing":355.562,"t_token_generation":487.32,"t_total":842.8820000000001,"task_id":676,"tid":"12622976","timestamp":1717616366}
{"function":"update_slots","level":"INFO","line":1715,"msg":"slot released","n_cache_tokens":67,"n_ctx":4096,"n_past":809,"n_system_tokens":0,"slot_id":0,"task_id":676,"tid":"12622976","timestamp":1717616366,"truncated":false}
{"function":"log_server_request","level":"INFO","line":2761,"method":"POST","msg":"request","params":{},"path":"/completion","remote_addr":"127.0.0.1","remote_port":41676,"status":200,"tid":"17594335732288","timestamp":1717616366}
{"function":"launch_slot_with_data","level":"INFO","line":876,"msg":"slot is processing task","slot_id":0,"task_id":745,"tid":"12622976","timestamp":1717616366}
{"function":"update_slots","level":"INFO","line":1904,"msg":"kv cache rm [p0, end)","p0":0,"slot_id":0,"task_id":745,"tid":"12622976","timestamp":1717616366}
{"function":"print_timings","level":"INFO","line":310,"msg":"prompt eval time     =     396.55 ms /   743 tokens (    0.53 ms per token,  1873.65 tokens per second)","n_tokens_second":1873.6461456602271,"num_prompt_tokens_processed":743,"slot_id":0,"t_prompt_processing":396.553,"t_token":0.5337187079407806,"task_id":745,"tid":"12622976","timestamp":1717616367}
{"function":"print_timings","level":"INFO","line":324,"msg":"generation eval time =     578.93 ms /    79 runs   (    7.33 ms per token,   136.46 tokens per second)","n_decoded":79,"n_tokens_second":136.45911063206478,"slot_id":0,"t_token":7.3282025316455695,"t_token_generation":578.928,"task_id":745,"tid":"12622976","timestamp":1717616367}
{"function":"print_timings","level":"INFO","line":334,"msg":"          total time =     975.48 ms","slot_id":0,"t_prompt_processing":396.553,"t_token_generation":578.928,"t_total":975.481,"task_id":745,"tid":"12622976","timestamp":1717616367}
{"function":"update_slots","level":"INFO","line":1715,"msg":"slot released","n_cache_tokens":79,"n_ctx":4096,"n_past":821,"n_system_tokens":0,"slot_id":0,"task_id":745,"tid":"12622976","timestamp":1717616367,"truncated":false}
{"function":"log_server_request","level":"INFO","line":2761,"method":"POST","msg":"request","params":{},"path":"/completion","remote_addr":"127.0.0.1","remote_port":41678,"status":200,"tid":"17594335737952","timestamp":1717616367}
{"function":"launch_slot_with_data","level":"INFO","line":876,"msg":"slot is processing task","slot_id":0,"task_id":826,"tid":"12622976","timestamp":1717616367}
{"function":"update_slots","level":"INFO","line":1904,"msg":"kv cache rm [p0, end)","p0":0,"slot_id":0,"task_id":826,"tid":"12622976","timestamp":1717616367}
{"function":"print_timings","level":"INFO","line":310,"msg":"prompt eval time     =     367.64 ms /   743 tokens (    0.49 ms per token,  2020.98 tokens per second)","n_tokens_second":2020.976814527097,"num_prompt_tokens_processed":743,"slot_id":0,"t_prompt_processing":367.644,"t_token":0.4948102288021534,"task_id":826,"tid":"12622976","timestamp":1717616368}
{"function":"print_timings","level":"INFO","line":324,"msg":"generation eval time =     521.15 ms /    71 runs   (    7.34 ms per token,   136.24 tokens per second)","n_decoded":71,"n_tokens_second":136.2361221443182,"slot_id":0,"t_token":7.340197183098591,"t_token_generation":521.154,"task_id":826,"tid":"12622976","timestamp":1717616368}
{"function":"print_timings","level":"INFO","line":334,"msg":"          total time =     888.80 ms","slot_id":0,"t_prompt_processing":367.644,"t_token_generation":521.154,"t_total":888.798,"task_id":826,"tid":"12622976","timestamp":1717616368}
{"function":"update_slots","level":"INFO","line":1715,"msg":"slot released","n_cache_tokens":71,"n_ctx":4096,"n_past":813,"n_system_tokens":0,"slot_id":0,"task_id":826,"tid":"12622976","timestamp":1717616368,"truncated":false}
{"function":"log_server_request","level":"INFO","line":2761,"method":"POST","msg":"request","params":{},"path":"/completion","remote_addr":"127.0.0.1","remote_port":37270,"status":200,"tid":"17594335743616","timestamp":1717616368}
{"function":"launch_slot_with_data","level":"INFO","line":876,"msg":"slot is processing task","slot_id":0,"task_id":899,"tid":"12622976","timestamp":1717616368}
{"function":"update_slots","level":"INFO","line":1904,"msg":"kv cache rm [p0, end)","p0":0,"slot_id":0,"task_id":899,"tid":"12622976","timestamp":1717616368}
{"function":"print_timings","level":"INFO","line":310,"msg":"prompt eval time     =     349.79 ms /   743 tokens (    0.47 ms per token,  2124.11 tokens per second)","n_tokens_second":2124.1073317438263,"num_prompt_tokens_processed":743,"slot_id":0,"t_prompt_processing":349.794,"t_token":0.47078600269179,"task_id":899,"tid":"12622976","timestamp":1717616369}
{"function":"print_timings","level":"INFO","line":324,"msg":"generation eval time =     719.58 ms /    98 runs   (    7.34 ms per token,   136.19 tokens per second)","n_decoded":98,"n_tokens_second":136.1901770750241,"slot_id":0,"t_token":7.342673469387755,"t_token_generation":719.582,"task_id":899,"tid":"12622976","timestamp":1717616369}
{"function":"print_timings","level":"INFO","line":334,"msg":"          total time =    1069.38 ms","slot_id":0,"t_prompt_processing":349.794,"t_token_generation":719.582,"t_total":1069.376,"task_id":899,"tid":"12622976","timestamp":1717616369}
{"function":"update_slots","level":"INFO","line":1715,"msg":"slot released","n_cache_tokens":98,"n_ctx":4096,"n_past":840,"n_system_tokens":0,"slot_id":0,"task_id":899,"tid":"12622976","timestamp":1717616369,"truncated":false}
{"function":"log_server_request","level":"INFO","line":2761,"method":"POST","msg":"request","params":{},"path":"/completion","remote_addr":"127.0.0.1","remote_port":37280,"status":200,"tid":"17594335749280","timestamp":1717616369}
{"function":"launch_slot_with_data","level":"INFO","line":876,"msg":"slot is processing task","slot_id":0,"task_id":999,"tid":"12622976","timestamp":1717616369}
{"function":"update_slots","level":"INFO","line":1904,"msg":"kv cache rm [p0, end)","p0":0,"slot_id":0,"task_id":999,"tid":"12622976","timestamp":1717616369}
{"function":"print_timings","level":"INFO","line":310,"msg":"prompt eval time     =     428.88 ms /   743 tokens (    0.58 ms per token,  1732.43 tokens per second)","n_tokens_second":1732.4274035972935,"num_prompt_tokens_processed":743,"slot_id":0,"t_prompt_processing":428.878,"t_token":0.5772247644683715,"task_id":999,"tid":"12622976","timestamp":1717616370}
{"function":"print_timings","level":"INFO","line":324,"msg":"generation eval time =     690.48 ms /    94 runs   (    7.35 ms per token,   136.14 tokens per second)","n_decoded":94,"n_tokens_second":136.13757426015022,"slot_id":0,"t_token":7.345510638297871,"t_token_generation":690.478,"task_id":999,"tid":"12622976","timestamp":1717616370}
{"function":"print_timings","level":"INFO","line":334,"msg":"          total time =    1119.36 ms","slot_id":0,"t_prompt_processing":428.878,"t_token_generation":690.478,"t_total":1119.356,"task_id":999,"tid":"12622976","timestamp":1717616370}
{"function":"update_slots","level":"INFO","line":1715,"msg":"slot released","n_cache_tokens":94,"n_ctx":4096,"n_past":836,"n_system_tokens":0,"slot_id":0,"task_id":999,"tid":"12622976","timestamp":1717616370,"truncated":false}
{"function":"log_server_request","level":"INFO","line":2761,"method":"POST","msg":"request","params":{},"path":"/completion","remote_addr":"127.0.0.1","remote_port":37292,"status":200,"tid":"17594335754944","timestamp":1717616370}
{"function":"launch_slot_with_data","level":"INFO","line":876,"msg":"slot is processing task","slot_id":0,"task_id":1095,"tid":"12622976","timestamp":1717616371}
{"function":"update_slots","level":"INFO","line":1904,"msg":"kv cache rm [p0, end)","p0":0,"slot_id":0,"task_id":1095,"tid":"12622976","timestamp":1717616371}
{"function":"print_timings","level":"INFO","line":310,"msg":"prompt eval time     =     405.49 ms /   743 tokens (    0.55 ms per token,  1832.35 tokens per second)","n_tokens_second":1832.346463916585,"num_prompt_tokens_processed":743,"slot_id":0,"t_prompt_processing":405.491,"t_token":0.5457483176312248,"task_id":1095,"tid":"12622976","timestamp":1717616372}
{"function":"print_timings","level":"INFO","line":324,"msg":"generation eval time =     580.15 ms /    79 runs   (    7.34 ms per token,   136.17 tokens per second)","n_decoded":79,"n_tokens_second":136.17144502034816,"slot_id":0,"t_token":7.343683544303797,"t_token_generation":580.151,"task_id":1095,"tid":"12622976","timestamp":1717616372}
{"function":"print_timings","level":"INFO","line":334,"msg":"          total time =     985.64 ms","slot_id":0,"t_prompt_processing":405.491,"t_token_generation":580.151,"t_total":985.6419999999999,"task_id":1095,"tid":"12622976","timestamp":1717616372}
{"function":"update_slots","level":"INFO","line":1715,"msg":"slot released","n_cache_tokens":79,"n_ctx":4096,"n_past":821,"n_system_tokens":0,"slot_id":0,"task_id":1095,"tid":"12622976","timestamp":1717616372,"truncated":false}
{"function":"log_server_request","level":"INFO","line":2761,"method":"POST","msg":"request","params":{},"path":"/completion","remote_addr":"127.0.0.1","remote_port":37304,"status":200,"tid":"17594335957200","timestamp":1717616372}
{"function":"launch_slot_with_data","level":"INFO","line":876,"msg":"slot is processing task","slot_id":0,"task_id":1176,"tid":"12622976","timestamp":1717616372}
{"function":"update_slots","level":"INFO","line":1904,"msg":"kv cache rm [p0, end)","p0":0,"slot_id":0,"task_id":1176,"tid":"12622976","timestamp":1717616372}
{"function":"print_timings","level":"INFO","line":310,"msg":"prompt eval time     =     369.54 ms /   743 tokens (    0.50 ms per token,  2010.62 tokens per second)","n_tokens_second":2010.6186643863418,"num_prompt_tokens_processed":743,"slot_id":0,"t_prompt_processing":369.538,"t_token":0.4973593539703903,"task_id":1176,"tid":"12622976","timestamp":1717616372}
{"function":"print_timings","level":"INFO","line":324,"msg":"generation eval time =     480.37 ms /    66 runs   (    7.28 ms per token,   137.39 tokens per second)","n_decoded":66,"n_tokens_second":137.3938060374169,"slot_id":0,"t_token":7.278348484848484,"t_token_generation":480.371,"task_id":1176,"tid":"12622976","timestamp":1717616372}
{"function":"print_timings","level":"INFO","line":334,"msg":"          total time =     849.91 ms","slot_id":0,"t_prompt_processing":369.538,"t_token_generation":480.371,"t_total":849.909,"task_id":1176,"tid":"12622976","timestamp":1717616372}
{"function":"update_slots","level":"INFO","line":1715,"msg":"slot released","n_cache_tokens":66,"n_ctx":4096,"n_past":808,"n_system_tokens":0,"slot_id":0,"task_id":1176,"tid":"12622976","timestamp":1717616372,"truncated":false}
{"function":"log_server_request","level":"INFO","line":2761,"method":"POST","msg":"request","params":{},"path":"/completion","remote_addr":"127.0.0.1","remote_port":37308,"status":200,"tid":"17594335963056","timestamp":1717616372}
{"function":"launch_slot_with_data","level":"INFO","line":876,"msg":"slot is processing task","slot_id":0,"task_id":1244,"tid":"12622976","timestamp":1717616373}
{"function":"update_slots","level":"INFO","line":1904,"msg":"kv cache rm [p0, end)","p0":0,"slot_id":0,"task_id":1244,"tid":"12622976","timestamp":1717616373}
{"function":"print_timings","level":"INFO","line":310,"msg":"prompt eval time     =     591.47 ms /   743 tokens (    0.80 ms per token,  1256.19 tokens per second)","n_tokens_second":1256.185827586382,"num_prompt_tokens_processed":743,"slot_id":0,"t_prompt_processing":591.473,"t_token":0.7960605652759084,"task_id":1244,"tid":"12622976","timestamp":1717616374}
{"function":"print_timings","level":"INFO","line":324,"msg":"generation eval time =     502.02 ms /    69 runs   (    7.28 ms per token,   137.45 tokens per second)","n_decoded":69,"n_tokens_second":137.44527088670128,"slot_id":0,"t_token":7.275623188405797,"t_token_generation":502.018,"task_id":1244,"tid":"12622976","timestamp":1717616374}
{"function":"print_timings","level":"INFO","line":334,"msg":"          total time =    1093.49 ms","slot_id":0,"t_prompt_processing":591.473,"t_token_generation":502.018,"t_total":1093.491,"task_id":1244,"tid":"12622976","timestamp":1717616374}
{"function":"update_slots","level":"INFO","line":1715,"msg":"slot released","n_cache_tokens":69,"n_ctx":4096,"n_past":811,"n_system_tokens":0,"slot_id":0,"task_id":1244,"tid":"12622976","timestamp":1717616374,"truncated":false}
{"function":"log_server_request","level":"INFO","line":2761,"method":"POST","msg":"request","params":{},"path":"/completion","remote_addr":"127.0.0.1","remote_port":37314,"status":200,"tid":"17594335968688","timestamp":1717616374}
{"function":"launch_slot_with_data","level":"INFO","line":876,"msg":"slot is processing task","slot_id":0,"task_id":1315,"tid":"12622976","timestamp":1717616374}
{"function":"update_slots","level":"INFO","line":1904,"msg":"kv cache rm [p0, end)","p0":0,"slot_id":0,"task_id":1315,"tid":"12622976","timestamp":1717616374}
{"function":"print_timings","level":"INFO","line":310,"msg":"prompt eval time     =     382.86 ms /   743 tokens (    0.52 ms per token,  1940.65 tokens per second)","n_tokens_second":1940.6520904453575,"num_prompt_tokens_processed":743,"slot_id":0,"t_prompt_processing":382.861,"t_token":0.5152907133243607,"task_id":1315,"tid":"12622976","timestamp":1717616375}
{"function":"print_timings","level":"INFO","line":324,"msg":"generation eval time =     608.66 ms /    83 runs   (    7.33 ms per token,   136.36 tokens per second)","n_decoded":83,"n_tokens_second":136.3644578362739,"slot_id":0,"t_token":7.333289156626506,"t_token_generation":608.663,"task_id":1315,"tid":"12622976","timestamp":1717616375}
{"function":"print_timings","level":"INFO","line":334,"msg":"          total time =     991.52 ms","slot_id":0,"t_prompt_processing":382.861,"t_token_generation":608.663,"t_total":991.524,"task_id":1315,"tid":"12622976","timestamp":1717616375}
{"function":"update_slots","level":"INFO","line":1715,"msg":"slot released","n_cache_tokens":83,"n_ctx":4096,"n_past":825,"n_system_tokens":0,"slot_id":0,"task_id":1315,"tid":"12622976","timestamp":1717616375,"truncated":false}
{"function":"log_server_request","level":"INFO","line":2761,"method":"POST","msg":"request","params":{},"path":"/completion","remote_addr":"127.0.0.1","remote_port":37326,"status":200,"tid":"17594335974320","timestamp":1717616375}
{"function":"launch_slot_with_data","level":"INFO","line":876,"msg":"slot is processing task","slot_id":0,"task_id":1400,"tid":"12622976","timestamp":1717616375}
{"function":"update_slots","level":"INFO","line":1904,"msg":"kv cache rm [p0, end)","p0":0,"slot_id":0,"task_id":1400,"tid":"12622976","timestamp":1717616375}
{"function":"print_timings","level":"INFO","line":310,"msg":"prompt eval time     =     387.89 ms /   743 tokens (    0.52 ms per token,  1915.50 tokens per second)","n_tokens_second":1915.5013818421814,"num_prompt_tokens_processed":743,"slot_id":0,"t_prompt_processing":387.888,"t_token":0.5220565275908479,"task_id":1400,"tid":"12622976","timestamp":1717616376}
{"function":"print_timings","level":"INFO","line":324,"msg":"generation eval time =     568.08 ms /    77 runs   (    7.38 ms per token,   135.54 tokens per second)","n_decoded":77,"n_tokens_second":135.54452813781182,"slot_id":0,"t_token":7.37764935064935,"t_token_generation":568.079,"task_id":1400,"tid":"12622976","timestamp":1717616376}
{"function":"print_timings","level":"INFO","line":334,"msg":"          total time =     955.97 ms","slot_id":0,"t_prompt_processing":387.888,"t_token_generation":568.079,"t_total":955.9669999999999,"task_id":1400,"tid":"12622976","timestamp":1717616376}
{"function":"update_slots","level":"INFO","line":1715,"msg":"slot released","n_cache_tokens":77,"n_ctx":4096,"n_past":819,"n_system_tokens":0,"slot_id":0,"task_id":1400,"tid":"12622976","timestamp":1717616376,"truncated":false}
{"function":"log_server_request","level":"INFO","line":2761,"method":"POST","msg":"request","params":{},"path":"/completion","remote_addr":"127.0.0.1","remote_port":37330,"status":200,"tid":"17594335979952","timestamp":1717616376}
{"function":"launch_slot_with_data","level":"INFO","line":876,"msg":"slot is processing task","slot_id":0,"task_id":1479,"tid":"12622976","timestamp":1717616376}
{"function":"update_slots","level":"INFO","line":1904,"msg":"kv cache rm [p0, end)","p0":0,"slot_id":0,"task_id":1479,"tid":"12622976","timestamp":1717616376}
{"function":"print_timings","level":"INFO","line":310,"msg":"prompt eval time     =     612.77 ms /   743 tokens (    0.82 ms per token,  1212.53 tokens per second)","n_tokens_second":1212.528701680405,"num_prompt_tokens_processed":743,"slot_id":0,"t_prompt_processing":612.769,"t_token":0.8247227456258412,"task_id":1479,"tid":"12622976","timestamp":1717616378}
{"function":"print_timings","level":"INFO","line":324,"msg":"generation eval time =     877.54 ms /   119 runs   (    7.37 ms per token,   135.61 tokens per second)","n_decoded":119,"n_tokens_second":135.60604506678882,"slot_id":0,"t_token":7.374302521008404,"t_token_generation":877.542,"task_id":1479,"tid":"12622976","timestamp":1717616378}
{"function":"print_timings","level":"INFO","line":334,"msg":"          total time =    1490.31 ms","slot_id":0,"t_prompt_processing":612.769,"t_token_generation":877.542,"t_total":1490.3110000000001,"task_id":1479,"tid":"12622976","timestamp":1717616378}
{"function":"update_slots","level":"INFO","line":1715,"msg":"slot released","n_cache_tokens":119,"n_ctx":4096,"n_past":861,"n_system_tokens":0,"slot_id":0,"task_id":1479,"tid":"12622976","timestamp":1717616378,"truncated":false}
{"function":"log_server_request","level":"INFO","line":2761,"method":"POST","msg":"request","params":{},"path":"/completion","remote_addr":"127.0.0.1","remote_port":37344,"status":200,"tid":"17594335985584","timestamp":1717616378}
{"function":"launch_slot_with_data","level":"INFO","line":876,"msg":"slot is processing task","slot_id":0,"task_id":1600,"tid":"12622976","timestamp":1717616378}
{"function":"update_slots","level":"INFO","line":1904,"msg":"kv cache rm [p0, end)","p0":0,"slot_id":0,"task_id":1600,"tid":"12622976","timestamp":1717616378}
{"function":"print_timings","level":"INFO","line":310,"msg":"prompt eval time     =     371.57 ms /   743 tokens (    0.50 ms per token,  1999.60 tokens per second)","n_tokens_second":1999.5963129919935,"num_prompt_tokens_processed":743,"slot_id":0,"t_prompt_processing":371.575,"t_token":0.5001009421265141,"task_id":1600,"tid":"12622976","timestamp":1717616379}
{"function":"print_timings","level":"INFO","line":324,"msg":"generation eval time =     593.95 ms /    81 runs   (    7.33 ms per token,   136.38 tokens per second)","n_decoded":81,"n_tokens_second":136.37580457515568,"slot_id":0,"t_token":7.332679012345679,"t_token_generation":593.947,"task_id":1600,"tid":"12622976","timestamp":1717616379}
{"function":"print_timings","level":"INFO","line":334,"msg":"          total time =     965.52 ms","slot_id":0,"t_prompt_processing":371.575,"t_token_generation":593.947,"t_total":965.5219999999999,"task_id":1600,"tid":"12622976","timestamp":1717616379}
{"function":"update_slots","level":"INFO","line":1715,"msg":"slot released","n_cache_tokens":81,"n_ctx":4096,"n_past":823,"n_system_tokens":0,"slot_id":0,"task_id":1600,"tid":"12622976","timestamp":1717616379,"truncated":false}
{"function":"log_server_request","level":"INFO","line":2761,"method":"POST","msg":"request","params":{},"path":"/completion","remote_addr":"127.0.0.1","remote_port":51876,"status":200,"tid":"17594335991216","timestamp":1717616379}
{"function":"launch_slot_with_data","level":"INFO","line":876,"msg":"slot is processing task","slot_id":0,"task_id":1683,"tid":"12622976","timestamp":1717616379}
{"function":"update_slots","level":"INFO","line":1904,"msg":"kv cache rm [p0, end)","p0":0,"slot_id":0,"task_id":1683,"tid":"12622976","timestamp":1717616379}
{"function":"print_timings","level":"INFO","line":310,"msg":"prompt eval time     =     359.71 ms /   743 tokens (    0.48 ms per token,  2065.58 tokens per second)","n_tokens_second":2065.5757757724364,"num_prompt_tokens_processed":743,"slot_id":0,"t_prompt_processing":359.706,"t_token":0.4841265141318977,"task_id":1683,"tid":"12622976","timestamp":1717616380}
{"function":"print_timings","level":"INFO","line":324,"msg":"generation eval time =    1056.80 ms /   143 runs   (    7.39 ms per token,   135.31 tokens per second)","n_decoded":143,"n_tokens_second":135.31377181934567,"slot_id":0,"t_token":7.39023076923077,"t_token_generation":1056.803,"task_id":1683,"tid":"12622976","timestamp":1717616380}
{"function":"print_timings","level":"INFO","line":334,"msg":"          total time =    1416.51 ms","slot_id":0,"t_prompt_processing":359.706,"t_token_generation":1056.803,"t_total":1416.509,"task_id":1683,"tid":"12622976","timestamp":1717616380}
{"function":"update_slots","level":"INFO","line":1715,"msg":"slot released","n_cache_tokens":143,"n_ctx":4096,"n_past":885,"n_system_tokens":0,"slot_id":0,"task_id":1683,"tid":"12622976","timestamp":1717616380,"truncated":false}
{"function":"log_server_request","level":"INFO","line":2761,"method":"POST","msg":"request","params":{},"path":"/completion","remote_addr":"127.0.0.1","remote_port":51892,"status":200,"tid":"17594335996848","timestamp":1717616380}
{"function":"launch_slot_with_data","level":"INFO","line":876,"msg":"slot is processing task","slot_id":0,"task_id":1828,"tid":"12622976","timestamp":1717616380}
{"function":"update_slots","level":"INFO","line":1904,"msg":"kv cache rm [p0, end)","p0":0,"slot_id":0,"task_id":1828,"tid":"12622976","timestamp":1717616380}
{"function":"print_timings","level":"INFO","line":310,"msg":"prompt eval time     =     477.88 ms /   743 tokens (    0.64 ms per token,  1554.78 tokens per second)","n_tokens_second":1554.7771207118074,"num_prompt_tokens_processed":743,"slot_id":0,"t_prompt_processing":477.882,"t_token":0.643179004037685,"task_id":1828,"tid":"12622976","timestamp":1717616381}
{"function":"print_timings","level":"INFO","line":324,"msg":"generation eval time =     623.36 ms /    84 runs   (    7.42 ms per token,   134.75 tokens per second)","n_decoded":84,"n_tokens_second":134.7538096024923,"slot_id":0,"t_token":7.420940476190476,"t_token_generation":623.359,"task_id":1828,"tid":"12622976","timestamp":1717616381}
{"function":"print_timings","level":"INFO","line":334,"msg":"          total time =    1101.24 ms","slot_id":0,"t_prompt_processing":477.882,"t_token_generation":623.359,"t_total":1101.241,"task_id":1828,"tid":"12622976","timestamp":1717616381}
{"function":"update_slots","level":"INFO","line":1715,"msg":"slot released","n_cache_tokens":84,"n_ctx":4096,"n_past":826,"n_system_tokens":0,"slot_id":0,"task_id":1828,"tid":"12622976","timestamp":1717616381,"truncated":false}
{"function":"log_server_request","level":"INFO","line":2761,"method":"POST","msg":"request","params":{},"path":"/completion","remote_addr":"127.0.0.1","remote_port":51898,"status":200,"tid":"17594336002512","timestamp":1717616381}
{"function":"launch_slot_with_data","level":"INFO","line":876,"msg":"slot is processing task","slot_id":0,"task_id":1914,"tid":"12622976","timestamp":1717616381}
{"function":"update_slots","level":"INFO","line":1904,"msg":"kv cache rm [p0, end)","p0":0,"slot_id":0,"task_id":1914,"tid":"12622976","timestamp":1717616381}
{"function":"print_timings","level":"INFO","line":310,"msg":"prompt eval time     =     470.44 ms /   743 tokens (    0.63 ms per token,  1579.38 tokens per second)","n_tokens_second":1579.379216814968,"num_prompt_tokens_processed":743,"slot_id":0,"t_prompt_processing":470.438,"t_token":0.6331601615074024,"task_id":1914,"tid":"12622976","timestamp":1717616383}
{"function":"print_timings","level":"INFO","line":324,"msg":"generation eval time =     586.04 ms /    80 runs   (    7.33 ms per token,   136.51 tokens per second)","n_decoded":80,"n_tokens_second":136.50945327963962,"slot_id":0,"t_token":7.3255,"t_token_generation":586.04,"task_id":1914,"tid":"12622976","timestamp":1717616383}
{"function":"print_timings","level":"INFO","line":334,"msg":"          total time =    1056.48 ms","slot_id":0,"t_prompt_processing":470.438,"t_token_generation":586.04,"t_total":1056.478,"task_id":1914,"tid":"12622976","timestamp":1717616383}
{"function":"update_slots","level":"INFO","line":1715,"msg":"slot released","n_cache_tokens":80,"n_ctx":4096,"n_past":822,"n_system_tokens":0,"slot_id":0,"task_id":1914,"tid":"12622976","timestamp":1717616383,"truncated":false}
{"function":"log_server_request","level":"INFO","line":2761,"method":"POST","msg":"request","params":{},"path":"/completion","remote_addr":"127.0.0.1","remote_port":51910,"status":200,"tid":"17594336013888","timestamp":1717616383}
{"function":"launch_slot_with_data","level":"INFO","line":876,"msg":"slot is processing task","slot_id":0,"task_id":1996,"tid":"12622976","timestamp":1717616383}
{"function":"update_slots","level":"INFO","line":1904,"msg":"kv cache rm [p0, end)","p0":0,"slot_id":0,"task_id":1996,"tid":"12622976","timestamp":1717616383}
{"function":"print_timings","level":"INFO","line":310,"msg":"prompt eval time     =     385.86 ms /   743 tokens (    0.52 ms per token,  1925.57 tokens per second)","n_tokens_second":1925.5688591717203,"num_prompt_tokens_processed":743,"slot_id":0,"t_prompt_processing":385.86,"t_token":0.5193270524899058,"task_id":1996,"tid":"12622976","timestamp":1717616384}
{"function":"print_timings","level":"INFO","line":324,"msg":"generation eval time =     779.38 ms /   105 runs   (    7.42 ms per token,   134.72 tokens per second)","n_decoded":105,"n_tokens_second":134.72195313472324,"slot_id":0,"t_token":7.422695238095239,"t_token_generation":779.383,"task_id":1996,"tid":"12622976","timestamp":1717616384}
{"function":"print_timings","level":"INFO","line":334,"msg":"          total time =    1165.24 ms","slot_id":0,"t_prompt_processing":385.86,"t_token_generation":779.383,"t_total":1165.243,"task_id":1996,"tid":"12622976","timestamp":1717616384}
{"function":"update_slots","level":"INFO","line":1715,"msg":"slot released","n_cache_tokens":105,"n_ctx":4096,"n_past":847,"n_system_tokens":0,"slot_id":0,"task_id":1996,"tid":"12622976","timestamp":1717616384,"truncated":false}
{"function":"log_server_request","level":"INFO","line":2761,"method":"POST","msg":"request","params":{},"path":"/completion","remote_addr":"127.0.0.1","remote_port":51916,"status":200,"tid":"17594336008224","timestamp":1717616384}
{"function":"launch_slot_with_data","level":"INFO","line":876,"msg":"slot is processing task","slot_id":0,"task_id":2103,"tid":"12622976","timestamp":1717616384}
{"function":"update_slots","level":"INFO","line":1904,"msg":"kv cache rm [p0, end)","p0":0,"slot_id":0,"task_id":2103,"tid":"12622976","timestamp":1717616384}
{"function":"print_timings","level":"INFO","line":310,"msg":"prompt eval time     =     344.48 ms /   743 tokens (    0.46 ms per token,  2156.87 tokens per second)","n_tokens_second":2156.874129122155,"num_prompt_tokens_processed":743,"slot_id":0,"t_prompt_processing":344.48,"t_token":0.46363391655450875,"task_id":2103,"tid":"12622976","timestamp":1717616385}
{"function":"print_timings","level":"INFO","line":324,"msg":"generation eval time =     575.61 ms /    78 runs   (    7.38 ms per token,   135.51 tokens per second)","n_decoded":78,"n_tokens_second":135.50794632495501,"slot_id":0,"t_token":7.379641025641026,"t_token_generation":575.612,"task_id":2103,"tid":"12622976","timestamp":1717616385}
{"function":"print_timings","level":"INFO","line":334,"msg":"          total time =     920.09 ms","slot_id":0,"t_prompt_processing":344.48,"t_token_generation":575.612,"t_total":920.092,"task_id":2103,"tid":"12622976","timestamp":1717616385}
{"function":"update_slots","level":"INFO","line":1715,"msg":"slot released","n_cache_tokens":78,"n_ctx":4096,"n_past":820,"n_system_tokens":0,"slot_id":0,"task_id":2103,"tid":"12622976","timestamp":1717616385,"truncated":false}
{"function":"log_server_request","level":"INFO","line":2761,"method":"POST","msg":"request","params":{},"path":"/completion","remote_addr":"127.0.0.1","remote_port":51918,"status":200,"tid":"17594336014272","timestamp":1717616385}
{"function":"launch_slot_with_data","level":"INFO","line":876,"msg":"slot is processing task","slot_id":0,"task_id":2183,"tid":"12622976","timestamp":1717616385}
{"function":"update_slots","level":"INFO","line":1904,"msg":"kv cache rm [p0, end)","p0":0,"slot_id":0,"task_id":2183,"tid":"12622976","timestamp":1717616385}
{"function":"print_timings","level":"INFO","line":310,"msg":"prompt eval time     =     387.21 ms /   743 tokens (    0.52 ms per token,  1918.88 tokens per second)","n_tokens_second":1918.8752240409497,"num_prompt_tokens_processed":743,"slot_id":0,"t_prompt_processing":387.206,"t_token":0.5211386271870795,"task_id":2183,"tid":"12622976","timestamp":1717616386}
{"function":"print_timings","level":"INFO","line":324,"msg":"generation eval time =     661.93 ms /    90 runs   (    7.35 ms per token,   135.97 tokens per second)","n_decoded":90,"n_tokens_second":135.9662441137947,"slot_id":0,"t_token":7.3547666666666665,"t_token_generation":661.929,"task_id":2183,"tid":"12622976","timestamp":1717616386}
{"function":"print_timings","level":"INFO","line":334,"msg":"          total time =    1049.13 ms","slot_id":0,"t_prompt_processing":387.206,"t_token_generation":661.929,"t_total":1049.135,"task_id":2183,"tid":"12622976","timestamp":1717616386}
{"function":"update_slots","level":"INFO","line":1715,"msg":"slot released","n_cache_tokens":90,"n_ctx":4096,"n_past":832,"n_system_tokens":0,"slot_id":0,"task_id":2183,"tid":"12622976","timestamp":1717616386,"truncated":false}
{"function":"log_server_request","level":"INFO","line":2761,"method":"POST","msg":"request","params":{},"path":"/completion","remote_addr":"127.0.0.1","remote_port":51926,"status":200,"tid":"17594336016736","timestamp":1717616386}
{"function":"launch_slot_with_data","level":"INFO","line":876,"msg":"slot is processing task","slot_id":0,"task_id":2275,"tid":"12622976","timestamp":1717616386}
{"function":"update_slots","level":"INFO","line":1904,"msg":"kv cache rm [p0, end)","p0":0,"slot_id":0,"task_id":2275,"tid":"12622976","timestamp":1717616386}
{"function":"print_timings","level":"INFO","line":310,"msg":"prompt eval time     =     462.27 ms /   743 tokens (    0.62 ms per token,  1607.30 tokens per second)","n_tokens_second":1607.2962162559734,"num_prompt_tokens_processed":743,"slot_id":0,"t_prompt_processing":462.267,"t_token":0.6221628532974428,"task_id":2275,"tid":"12622976","timestamp":1717616387}
{"function":"print_timings","level":"INFO","line":324,"msg":"generation eval time =     660.64 ms /    90 runs   (    7.34 ms per token,   136.23 tokens per second)","n_decoded":90,"n_tokens_second":136.23153305885202,"slot_id":0,"t_token":7.3404444444444445,"t_token_generation":660.64,"task_id":2275,"tid":"12622976","timestamp":1717616387}
{"function":"print_timings","level":"INFO","line":334,"msg":"          total time =    1122.91 ms","slot_id":0,"t_prompt_processing":462.267,"t_token_generation":660.64,"t_total":1122.907,"task_id":2275,"tid":"12622976","timestamp":1717616387}
{"function":"update_slots","level":"INFO","line":1715,"msg":"slot released","n_cache_tokens":90,"n_ctx":4096,"n_past":832,"n_system_tokens":0,"slot_id":0,"task_id":2275,"tid":"12622976","timestamp":1717616387,"truncated":false}
{"function":"log_server_request","level":"INFO","line":2761,"method":"POST","msg":"request","params":{},"path":"/completion","remote_addr":"127.0.0.1","remote_port":51934,"status":200,"tid":"17594336018160","timestamp":1717616387}
{"function":"launch_slot_with_data","level":"INFO","line":876,"msg":"slot is processing task","slot_id":0,"task_id":2367,"tid":"12622976","timestamp":1717616387}
{"function":"update_slots","level":"INFO","line":1904,"msg":"kv cache rm [p0, end)","p0":0,"slot_id":0,"task_id":2367,"tid":"12622976","timestamp":1717616387}
{"function":"print_timings","level":"INFO","line":310,"msg":"prompt eval time     =     387.60 ms /   743 tokens (    0.52 ms per token,  1916.92 tokens per second)","n_tokens_second":1916.919718989373,"num_prompt_tokens_processed":743,"slot_id":0,"t_prompt_processing":387.601,"t_token":0.5216702557200539,"task_id":2367,"tid":"12622976","timestamp":1717616388}
{"function":"print_timings","level":"INFO","line":324,"msg":"generation eval time =     713.27 ms /    97 runs   (    7.35 ms per token,   135.99 tokens per second)","n_decoded":97,"n_tokens_second":135.99376391482582,"slot_id":0,"t_token":7.353278350515464,"t_token_generation":713.268,"task_id":2367,"tid":"12622976","timestamp":1717616388}
{"function":"print_timings","level":"INFO","line":334,"msg":"          total time =    1100.87 ms","slot_id":0,"t_prompt_processing":387.601,"t_token_generation":713.268,"t_total":1100.8690000000001,"task_id":2367,"tid":"12622976","timestamp":1717616388}
{"function":"update_slots","level":"INFO","line":1715,"msg":"slot released","n_cache_tokens":97,"n_ctx":4096,"n_past":839,"n_system_tokens":0,"slot_id":0,"task_id":2367,"tid":"12622976","timestamp":1717616388,"truncated":false}
{"function":"log_server_request","level":"INFO","line":2761,"method":"POST","msg":"request","params":{},"path":"/completion","remote_addr":"127.0.0.1","remote_port":56850,"status":200,"tid":"17594341417792","timestamp":1717616388}
{"function":"launch_slot_with_data","level":"INFO","line":876,"msg":"slot is processing task","slot_id":0,"task_id":2466,"tid":"12622976","timestamp":1717616388}
{"function":"update_slots","level":"INFO","line":1904,"msg":"kv cache rm [p0, end)","p0":0,"slot_id":0,"task_id":2466,"tid":"12622976","timestamp":1717616388}
{"function":"print_timings","level":"INFO","line":310,"msg":"prompt eval time     =     387.83 ms /   743 tokens (    0.52 ms per token,  1915.76 tokens per second)","n_tokens_second":1915.7631466989828,"num_prompt_tokens_processed":743,"slot_id":0,"t_prompt_processing":387.835,"t_token":0.5219851951547779,"task_id":2466,"tid":"12622976","timestamp":1717616389}
{"function":"print_timings","level":"INFO","line":324,"msg":"generation eval time =     563.22 ms /    77 runs   (    7.31 ms per token,   136.71 tokens per second)","n_decoded":77,"n_tokens_second":136.71316689836885,"slot_id":0,"t_token":7.314584415584415,"t_token_generation":563.223,"task_id":2466,"tid":"12622976","timestamp":1717616389}
{"function":"print_timings","level":"INFO","line":334,"msg":"          total time =     951.06 ms","slot_id":0,"t_prompt_processing":387.835,"t_token_generation":563.223,"t_total":951.058,"task_id":2466,"tid":"12622976","timestamp":1717616389}
{"function":"update_slots","level":"INFO","line":1715,"msg":"slot released","n_cache_tokens":77,"n_ctx":4096,"n_past":819,"n_system_tokens":0,"slot_id":0,"task_id":2466,"tid":"12622976","timestamp":1717616389,"truncated":false}
{"function":"log_server_request","level":"INFO","line":2761,"method":"POST","msg":"request","params":{},"path":"/completion","remote_addr":"127.0.0.1","remote_port":56854,"status":200,"tid":"17594341423456","timestamp":1717616389}
{"function":"launch_slot_with_data","level":"INFO","line":876,"msg":"slot is processing task","slot_id":0,"task_id":2545,"tid":"12622976","timestamp":1717616389}
{"function":"update_slots","level":"INFO","line":1904,"msg":"kv cache rm [p0, end)","p0":0,"slot_id":0,"task_id":2545,"tid":"12622976","timestamp":1717616389}
{"function":"print_timings","level":"INFO","line":310,"msg":"prompt eval time     =     371.15 ms /   743 tokens (    0.50 ms per token,  2001.89 tokens per second)","n_tokens_second":2001.886029907046,"num_prompt_tokens_processed":743,"slot_id":0,"t_prompt_processing":371.15,"t_token":0.499528936742934,"task_id":2545,"tid":"12622976","timestamp":1717616390}
{"function":"print_timings","level":"INFO","line":324,"msg":"generation eval time =     741.41 ms /   100 runs   (    7.41 ms per token,   134.88 tokens per second)","n_decoded":100,"n_tokens_second":134.87868336824442,"slot_id":0,"t_token":7.414070000000001,"t_token_generation":741.407,"task_id":2545,"tid":"12622976","timestamp":1717616390}
{"function":"print_timings","level":"INFO","line":334,"msg":"          total time =    1112.56 ms","slot_id":0,"t_prompt_processing":371.15,"t_token_generation":741.407,"t_total":1112.557,"task_id":2545,"tid":"12622976","timestamp":1717616390}
{"function":"update_slots","level":"INFO","line":1715,"msg":"slot released","n_cache_tokens":100,"n_ctx":4096,"n_past":842,"n_system_tokens":0,"slot_id":0,"task_id":2545,"tid":"12622976","timestamp":1717616390,"truncated":false}
{"function":"log_server_request","level":"INFO","line":2761,"method":"POST","msg":"request","params":{},"path":"/completion","remote_addr":"127.0.0.1","remote_port":56870,"status":200,"tid":"17594341429120","timestamp":1717616390}
{"function":"launch_slot_with_data","level":"INFO","line":876,"msg":"slot is processing task","slot_id":0,"task_id":2647,"tid":"12622976","timestamp":1717616391}
{"function":"update_slots","level":"INFO","line":1904,"msg":"kv cache rm [p0, end)","p0":0,"slot_id":0,"task_id":2647,"tid":"12622976","timestamp":1717616391}
{"function":"print_timings","level":"INFO","line":310,"msg":"prompt eval time     =     451.07 ms /   743 tokens (    0.61 ms per token,  1647.18 tokens per second)","n_tokens_second":1647.1798418884707,"num_prompt_tokens_processed":743,"slot_id":0,"t_prompt_processing":451.074,"t_token":0.6070982503364738,"task_id":2647,"tid":"12622976","timestamp":1717616392}
{"function":"print_timings","level":"INFO","line":324,"msg":"generation eval time =     847.78 ms /   115 runs   (    7.37 ms per token,   135.65 tokens per second)","n_decoded":115,"n_tokens_second":135.64887936332312,"slot_id":0,"t_token":7.371973913043479,"t_token_generation":847.777,"task_id":2647,"tid":"12622976","timestamp":1717616392}
{"function":"print_timings","level":"INFO","line":334,"msg":"          total time =    1298.85 ms","slot_id":0,"t_prompt_processing":451.074,"t_token_generation":847.777,"t_total":1298.851,"task_id":2647,"tid":"12622976","timestamp":1717616392}
{"function":"update_slots","level":"INFO","line":1715,"msg":"slot released","n_cache_tokens":115,"n_ctx":4096,"n_past":857,"n_system_tokens":0,"slot_id":0,"task_id":2647,"tid":"12622976","timestamp":1717616392,"truncated":false}
{"function":"log_server_request","level":"INFO","line":2761,"method":"POST","msg":"request","params":{},"path":"/completion","remote_addr":"127.0.0.1","remote_port":56880,"status":200,"tid":"17594341435312","timestamp":1717616392}
{"function":"launch_slot_with_data","level":"INFO","line":876,"msg":"slot is processing task","slot_id":0,"task_id":2764,"tid":"12622976","timestamp":1717616392}
{"function":"update_slots","level":"INFO","line":1904,"msg":"kv cache rm [p0, end)","p0":0,"slot_id":0,"task_id":2764,"tid":"12622976","timestamp":1717616392}
{"function":"print_timings","level":"INFO","line":310,"msg":"prompt eval time     =     443.89 ms /   743 tokens (    0.60 ms per token,  1673.82 tokens per second)","n_tokens_second":1673.8192590590118,"num_prompt_tokens_processed":743,"slot_id":0,"t_prompt_processing":443.895,"t_token":0.597436069986541,"task_id":2764,"tid":"12622976","timestamp":1717616393}
{"function":"print_timings","level":"INFO","line":324,"msg":"generation eval time =     616.80 ms /    84 runs   (    7.34 ms per token,   136.19 tokens per second)","n_decoded":84,"n_tokens_second":136.18699122404544,"slot_id":0,"t_token":7.342845238095238,"t_token_generation":616.799,"task_id":2764,"tid":"12622976","timestamp":1717616393}
{"function":"print_timings","level":"INFO","line":334,"msg":"          total time =    1060.69 ms","slot_id":0,"t_prompt_processing":443.895,"t_token_generation":616.799,"t_total":1060.694,"task_id":2764,"tid":"12622976","timestamp":1717616393}
{"function":"update_slots","level":"INFO","line":1715,"msg":"slot released","n_cache_tokens":84,"n_ctx":4096,"n_past":826,"n_system_tokens":0,"slot_id":0,"task_id":2764,"tid":"12622976","timestamp":1717616393,"truncated":false}
{"function":"log_server_request","level":"INFO","line":2761,"method":"POST","msg":"request","params":{},"path":"/completion","remote_addr":"127.0.0.1","remote_port":56894,"status":200,"tid":"17594335962784","timestamp":1717616393}
{"function":"launch_slot_with_data","level":"INFO","line":876,"msg":"slot is processing task","slot_id":0,"task_id":2850,"tid":"12622976","timestamp":1717616393}
{"function":"update_slots","level":"INFO","line":1904,"msg":"kv cache rm [p0, end)","p0":0,"slot_id":0,"task_id":2850,"tid":"12622976","timestamp":1717616393}
{"function":"print_timings","level":"INFO","line":310,"msg":"prompt eval time     =     371.59 ms /   743 tokens (    0.50 ms per token,  1999.52 tokens per second)","n_tokens_second":1999.520976132232,"num_prompt_tokens_processed":743,"slot_id":0,"t_prompt_processing":371.589,"t_token":0.5001197846567967,"task_id":2850,"tid":"12622976","timestamp":1717616394}
{"function":"print_timings","level":"INFO","line":324,"msg":"generation eval time =     673.16 ms /    91 runs   (    7.40 ms per token,   135.18 tokens per second)","n_decoded":91,"n_tokens_second":135.18391697627743,"slot_id":0,"t_token":7.397329670329671,"t_token_generation":673.157,"task_id":2850,"tid":"12622976","timestamp":1717616394}
{"function":"print_timings","level":"INFO","line":334,"msg":"          total time =    1044.75 ms","slot_id":0,"t_prompt_processing":371.589,"t_token_generation":673.157,"t_total":1044.746,"task_id":2850,"tid":"12622976","timestamp":1717616394}
{"function":"update_slots","level":"INFO","line":1715,"msg":"slot released","n_cache_tokens":91,"n_ctx":4096,"n_past":833,"n_system_tokens":0,"slot_id":0,"task_id":2850,"tid":"12622976","timestamp":1717616394,"truncated":false}
{"function":"log_server_request","level":"INFO","line":2761,"method":"POST","msg":"request","params":{},"path":"/completion","remote_addr":"127.0.0.1","remote_port":56906,"status":200,"tid":"17594341446576","timestamp":1717616394}
{"function":"launch_slot_with_data","level":"INFO","line":876,"msg":"slot is processing task","slot_id":0,"task_id":2943,"tid":"12622976","timestamp":1717616395}
{"function":"update_slots","level":"INFO","line":1904,"msg":"kv cache rm [p0, end)","p0":0,"slot_id":0,"task_id":2943,"tid":"12622976","timestamp":1717616395}
{"function":"print_timings","level":"INFO","line":310,"msg":"prompt eval time     =     470.56 ms /   743 tokens (    0.63 ms per token,  1578.97 tokens per second)","n_tokens_second":1578.9730937034462,"num_prompt_tokens_processed":743,"slot_id":0,"t_prompt_processing":470.559,"t_token":0.6333230148048452,"task_id":2943,"tid":"12622976","timestamp":1717616396}
{"function":"print_timings","level":"INFO","line":324,"msg":"generation eval time =     688.49 ms /    93 runs   (    7.40 ms per token,   135.08 tokens per second)","n_decoded":93,"n_tokens_second":135.0780184490429,"slot_id":0,"t_token":7.4031290322580645,"t_token_generation":688.491,"task_id":2943,"tid":"12622976","timestamp":1717616396}
{"function":"print_timings","level":"INFO","line":334,"msg":"          total time =    1159.05 ms","slot_id":0,"t_prompt_processing":470.559,"t_token_generation":688.491,"t_total":1159.05,"task_id":2943,"tid":"12622976","timestamp":1717616396}
{"function":"update_slots","level":"INFO","line":1715,"msg":"slot released","n_cache_tokens":93,"n_ctx":4096,"n_past":835,"n_system_tokens":0,"slot_id":0,"task_id":2943,"tid":"12622976","timestamp":1717616396,"truncated":false}
{"function":"log_server_request","level":"INFO","line":2761,"method":"POST","msg":"request","params":{},"path":"/completion","remote_addr":"127.0.0.1","remote_port":56916,"status":200,"tid":"17594341452336","timestamp":1717616396}
{"function":"launch_slot_with_data","level":"INFO","line":876,"msg":"slot is processing task","slot_id":0,"task_id":3038,"tid":"12622976","timestamp":1717616396}
{"function":"update_slots","level":"INFO","line":1904,"msg":"kv cache rm [p0, end)","p0":0,"slot_id":0,"task_id":3038,"tid":"12622976","timestamp":1717616396}
{"function":"print_timings","level":"INFO","line":310,"msg":"prompt eval time     =     609.75 ms /   743 tokens (    0.82 ms per token,  1218.53 tokens per second)","n_tokens_second":1218.5321853218531,"num_prompt_tokens_processed":743,"slot_id":0,"t_prompt_processing":609.75,"t_token":0.8206594885598923,"task_id":3038,"tid":"12622976","timestamp":1717616398}
{"function":"print_timings","level":"INFO","line":324,"msg":"generation eval time =     741.51 ms /   100 runs   (    7.42 ms per token,   134.86 tokens per second)","n_decoded":100,"n_tokens_second":134.86049356243436,"slot_id":0,"t_token":7.415069999999999,"t_token_generation":741.507,"task_id":3038,"tid":"12622976","timestamp":1717616398}
{"function":"print_timings","level":"INFO","line":334,"msg":"          total time =    1351.26 ms","slot_id":0,"t_prompt_processing":609.75,"t_token_generation":741.507,"t_total":1351.257,"task_id":3038,"tid":"12622976","timestamp":1717616398}
{"function":"update_slots","level":"INFO","line":1715,"msg":"slot released","n_cache_tokens":100,"n_ctx":4096,"n_past":842,"n_system_tokens":0,"slot_id":0,"task_id":3038,"tid":"12622976","timestamp":1717616398,"truncated":false}
{"function":"log_server_request","level":"INFO","line":2761,"method":"POST","msg":"request","params":{},"path":"/completion","remote_addr":"127.0.0.1","remote_port":56928,"status":200,"tid":"17594341458096","timestamp":1717616398}
{"function":"launch_slot_with_data","level":"INFO","line":876,"msg":"slot is processing task","slot_id":0,"task_id":3140,"tid":"12622976","timestamp":1717616398}
{"function":"update_slots","level":"INFO","line":1904,"msg":"kv cache rm [p0, end)","p0":0,"slot_id":0,"task_id":3140,"tid":"12622976","timestamp":1717616398}
{"function":"print_timings","level":"INFO","line":310,"msg":"prompt eval time     =     613.38 ms /   743 tokens (    0.83 ms per token,  1211.33 tokens per second)","n_tokens_second":1211.3307519869575,"num_prompt_tokens_processed":743,"slot_id":0,"t_prompt_processing":613.375,"t_token":0.8255383580080754,"task_id":3140,"tid":"12622976","timestamp":1717616399}
{"function":"print_timings","level":"INFO","line":324,"msg":"generation eval time =     660.80 ms /    90 runs   (    7.34 ms per token,   136.20 tokens per second)","n_decoded":90,"n_tokens_second":136.19916555311238,"slot_id":0,"t_token":7.342188888888889,"t_token_generation":660.797,"task_id":3140,"tid":"12622976","timestamp":1717616399}
{"function":"print_timings","level":"INFO","line":334,"msg":"          total time =    1274.17 ms","slot_id":0,"t_prompt_processing":613.375,"t_token_generation":660.797,"t_total":1274.172,"task_id":3140,"tid":"12622976","timestamp":1717616399}
{"function":"update_slots","level":"INFO","line":1715,"msg":"slot released","n_cache_tokens":90,"n_ctx":4096,"n_past":832,"n_system_tokens":0,"slot_id":0,"task_id":3140,"tid":"12622976","timestamp":1717616399,"truncated":false}
{"function":"log_server_request","level":"INFO","line":2761,"method":"POST","msg":"request","params":{},"path":"/completion","remote_addr":"127.0.0.1","remote_port":47904,"status":200,"tid":"17594341463856","timestamp":1717616399}
{"function":"launch_slot_with_data","level":"INFO","line":876,"msg":"slot is processing task","slot_id":0,"task_id":3232,"tid":"12622976","timestamp":1717616399}
{"function":"update_slots","level":"INFO","line":1904,"msg":"kv cache rm [p0, end)","p0":0,"slot_id":0,"task_id":3232,"tid":"12622976","timestamp":1717616399}
{"function":"print_timings","level":"INFO","line":310,"msg":"prompt eval time     =     371.07 ms /   743 tokens (    0.50 ms per token,  2002.32 tokens per second)","n_tokens_second":2002.3230180909748,"num_prompt_tokens_processed":743,"slot_id":0,"t_prompt_processing":371.069,"t_token":0.4994199192462988,"task_id":3232,"tid":"12622976","timestamp":1717616400}
{"function":"print_timings","level":"INFO","line":324,"msg":"generation eval time =     763.91 ms /   103 runs   (    7.42 ms per token,   134.83 tokens per second)","n_decoded":103,"n_tokens_second":134.83210784474147,"slot_id":0,"t_token":7.416631067961165,"t_token_generation":763.913,"task_id":3232,"tid":"12622976","timestamp":1717616400}
{"function":"print_timings","level":"INFO","line":334,"msg":"          total time =    1134.98 ms","slot_id":0,"t_prompt_processing":371.069,"t_token_generation":763.913,"t_total":1134.982,"task_id":3232,"tid":"12622976","timestamp":1717616400}
{"function":"update_slots","level":"INFO","line":1715,"msg":"slot released","n_cache_tokens":103,"n_ctx":4096,"n_past":845,"n_system_tokens":0,"slot_id":0,"task_id":3232,"tid":"12622976","timestamp":1717616400,"truncated":false}
{"function":"log_server_request","level":"INFO","line":2761,"method":"POST","msg":"request","params":{},"path":"/completion","remote_addr":"127.0.0.1","remote_port":47914,"status":200,"tid":"17594341469616","timestamp":1717616400}
{"function":"launch_slot_with_data","level":"INFO","line":876,"msg":"slot is processing task","slot_id":0,"task_id":3337,"tid":"12622976","timestamp":1717616400}
{"function":"update_slots","level":"INFO","line":1904,"msg":"kv cache rm [p0, end)","p0":0,"slot_id":0,"task_id":3337,"tid":"12622976","timestamp":1717616400}
{"function":"print_timings","level":"INFO","line":310,"msg":"prompt eval time     =     422.17 ms /   743 tokens (    0.57 ms per token,  1759.95 tokens per second)","n_tokens_second":1759.950351871635,"num_prompt_tokens_processed":743,"slot_id":0,"t_prompt_processing":422.171,"t_token":0.5681978465679677,"task_id":3337,"tid":"12622976","timestamp":1717616401}
{"function":"print_timings","level":"INFO","line":324,"msg":"generation eval time =     795.60 ms /   108 runs   (    7.37 ms per token,   135.75 tokens per second)","n_decoded":108,"n_tokens_second":135.7467769567332,"slot_id":0,"t_token":7.366657407407408,"t_token_generation":795.599,"task_id":3337,"tid":"12622976","timestamp":1717616401}
{"function":"print_timings","level":"INFO","line":334,"msg":"          total time =    1217.77 ms","slot_id":0,"t_prompt_processing":422.171,"t_token_generation":795.599,"t_total":1217.77,"task_id":3337,"tid":"12622976","timestamp":1717616401}
{"function":"update_slots","level":"INFO","line":1715,"msg":"slot released","n_cache_tokens":108,"n_ctx":4096,"n_past":850,"n_system_tokens":0,"slot_id":0,"task_id":3337,"tid":"12622976","timestamp":1717616401,"truncated":false}
{"function":"log_server_request","level":"INFO","line":2761,"method":"POST","msg":"request","params":{},"path":"/completion","remote_addr":"127.0.0.1","remote_port":47920,"status":200,"tid":"17594341475376","timestamp":1717616401}
{"function":"launch_slot_with_data","level":"INFO","line":876,"msg":"slot is processing task","slot_id":0,"task_id":3447,"tid":"12622976","timestamp":1717616402}
{"function":"update_slots","level":"INFO","line":1904,"msg":"kv cache rm [p0, end)","p0":0,"slot_id":0,"task_id":3447,"tid":"12622976","timestamp":1717616402}
{"function":"print_timings","level":"INFO","line":310,"msg":"prompt eval time     =     612.72 ms /   743 tokens (    0.82 ms per token,  1212.62 tokens per second)","n_tokens_second":1212.6236900644828,"num_prompt_tokens_processed":743,"slot_id":0,"t_prompt_processing":612.721,"t_token":0.8246581426648721,"task_id":3447,"tid":"12622976","timestamp":1717616403}
{"function":"print_timings","level":"INFO","line":324,"msg":"generation eval time =     585.86 ms /    80 runs   (    7.32 ms per token,   136.55 tokens per second)","n_decoded":80,"n_tokens_second":136.55116145297262,"slot_id":0,"t_token":7.3232625,"t_token_generation":585.861,"task_id":3447,"tid":"12622976","timestamp":1717616403}
{"function":"print_timings","level":"INFO","line":334,"msg":"          total time =    1198.58 ms","slot_id":0,"t_prompt_processing":612.721,"t_token_generation":585.861,"t_total":1198.5819999999999,"task_id":3447,"tid":"12622976","timestamp":1717616403}
{"function":"update_slots","level":"INFO","line":1715,"msg":"slot released","n_cache_tokens":80,"n_ctx":4096,"n_past":822,"n_system_tokens":0,"slot_id":0,"task_id":3447,"tid":"12622976","timestamp":1717616403,"truncated":false}
{"function":"log_server_request","level":"INFO","line":2761,"method":"POST","msg":"request","params":{},"path":"/completion","remote_addr":"127.0.0.1","remote_port":47924,"status":200,"tid":"17594341481136","timestamp":1717616403}
{"function":"launch_slot_with_data","level":"INFO","line":876,"msg":"slot is processing task","slot_id":0,"task_id":3529,"tid":"12622976","timestamp":1717616403}
{"function":"update_slots","level":"INFO","line":1904,"msg":"kv cache rm [p0, end)","p0":0,"slot_id":0,"task_id":3529,"tid":"12622976","timestamp":1717616403}
{"function":"print_timings","level":"INFO","line":310,"msg":"prompt eval time     =     513.51 ms /   743 tokens (    0.69 ms per token,  1446.91 tokens per second)","n_tokens_second":1446.9130897923496,"num_prompt_tokens_processed":743,"slot_id":0,"t_prompt_processing":513.507,"t_token":0.6911265141318976,"task_id":3529,"tid":"12622976","timestamp":1717616404}
{"function":"print_timings","level":"INFO","line":324,"msg":"generation eval time =     683.04 ms /    93 runs   (    7.34 ms per token,   136.16 tokens per second)","n_decoded":93,"n_tokens_second":136.1568057906172,"slot_id":0,"t_token":7.344473118279569,"t_token_generation":683.036,"task_id":3529,"tid":"12622976","timestamp":1717616404}
{"function":"print_timings","level":"INFO","line":334,"msg":"          total time =    1196.54 ms","slot_id":0,"t_prompt_processing":513.507,"t_token_generation":683.036,"t_total":1196.543,"task_id":3529,"tid":"12622976","timestamp":1717616404}
{"function":"update_slots","level":"INFO","line":1715,"msg":"slot released","n_cache_tokens":93,"n_ctx":4096,"n_past":835,"n_system_tokens":0,"slot_id":0,"task_id":3529,"tid":"12622976","timestamp":1717616404,"truncated":false}
{"function":"log_server_request","level":"INFO","line":2761,"method":"POST","msg":"request","params":{},"path":"/completion","remote_addr":"127.0.0.1","remote_port":47926,"status":200,"tid":"17594341486896","timestamp":1717616404}
{"function":"launch_slot_with_data","level":"INFO","line":876,"msg":"slot is processing task","slot_id":0,"task_id":3624,"tid":"12622976","timestamp":1717616404}
{"function":"update_slots","level":"INFO","line":1904,"msg":"kv cache rm [p0, end)","p0":0,"slot_id":0,"task_id":3624,"tid":"12622976","timestamp":1717616404}
{"function":"print_timings","level":"INFO","line":310,"msg":"prompt eval time     =     612.41 ms /   743 tokens (    0.82 ms per token,  1213.24 tokens per second)","n_tokens_second":1213.237515328758,"num_prompt_tokens_processed":743,"slot_id":0,"t_prompt_processing":612.411,"t_token":0.8242409152086136,"task_id":3624,"tid":"12622976","timestamp":1717616406}
{"function":"print_timings","level":"INFO","line":324,"msg":"generation eval time =     442.79 ms /    61 runs   (    7.26 ms per token,   137.76 tokens per second)","n_decoded":61,"n_tokens_second":137.76251098147884,"slot_id":0,"t_token":7.258868852459016,"t_token_generation":442.791,"task_id":3624,"tid":"12622976","timestamp":1717616406}
{"function":"print_timings","level":"INFO","line":334,"msg":"          total time =    1055.20 ms","slot_id":0,"t_prompt_processing":612.411,"t_token_generation":442.791,"t_total":1055.202,"task_id":3624,"tid":"12622976","timestamp":1717616406}
{"function":"update_slots","level":"INFO","line":1715,"msg":"slot released","n_cache_tokens":61,"n_ctx":4096,"n_past":803,"n_system_tokens":0,"slot_id":0,"task_id":3624,"tid":"12622976","timestamp":1717616406,"truncated":false}
{"function":"log_server_request","level":"INFO","line":2761,"method":"POST","msg":"request","params":{},"path":"/completion","remote_addr":"127.0.0.1","remote_port":47938,"status":200,"tid":"17594341492656","timestamp":1717616406}
{"function":"launch_slot_with_data","level":"INFO","line":876,"msg":"slot is processing task","slot_id":0,"task_id":3687,"tid":"12622976","timestamp":1717616406}
{"function":"update_slots","level":"INFO","line":1904,"msg":"kv cache rm [p0, end)","p0":0,"slot_id":0,"task_id":3687,"tid":"12622976","timestamp":1717616406}
{"function":"print_timings","level":"INFO","line":310,"msg":"prompt eval time     =     612.37 ms /   743 tokens (    0.82 ms per token,  1213.32 tokens per second)","n_tokens_second":1213.3187452030636,"num_prompt_tokens_processed":743,"slot_id":0,"t_prompt_processing":612.37,"t_token":0.824185733512786,"task_id":3687,"tid":"12622976","timestamp":1717616407}
{"function":"print_timings","level":"INFO","line":324,"msg":"generation eval time =     487.19 ms /    67 runs   (    7.27 ms per token,   137.52 tokens per second)","n_decoded":67,"n_tokens_second":137.52306590228474,"slot_id":0,"t_token":7.271507462686567,"t_token_generation":487.191,"task_id":3687,"tid":"12622976","timestamp":1717616407}
{"function":"print_timings","level":"INFO","line":334,"msg":"          total time =    1099.56 ms","slot_id":0,"t_prompt_processing":612.37,"t_token_generation":487.191,"t_total":1099.561,"task_id":3687,"tid":"12622976","timestamp":1717616407}
{"function":"update_slots","level":"INFO","line":1715,"msg":"slot released","n_cache_tokens":67,"n_ctx":4096,"n_past":809,"n_system_tokens":0,"slot_id":0,"task_id":3687,"tid":"12622976","timestamp":1717616407,"truncated":false}
{"function":"log_server_request","level":"INFO","line":2761,"method":"POST","msg":"request","params":{},"path":"/completion","remote_addr":"127.0.0.1","remote_port":47946,"status":200,"tid":"17594341498416","timestamp":1717616407}
{"function":"launch_slot_with_data","level":"INFO","line":876,"msg":"slot is processing task","slot_id":0,"task_id":3756,"tid":"12622976","timestamp":1717616407}
{"function":"update_slots","level":"INFO","line":1904,"msg":"kv cache rm [p0, end)","p0":0,"slot_id":0,"task_id":3756,"tid":"12622976","timestamp":1717616407}
{"function":"print_timings","level":"INFO","line":310,"msg":"prompt eval time     =     463.99 ms /   743 tokens (    0.62 ms per token,  1601.34 tokens per second)","n_tokens_second":1601.3448710626421,"num_prompt_tokens_processed":743,"slot_id":0,"t_prompt_processing":463.985,"t_token":0.6244751009421265,"task_id":3756,"tid":"12622976","timestamp":1717616409}
{"function":"print_timings","level":"INFO","line":324,"msg":"generation eval time =     676.07 ms /    92 runs   (    7.35 ms per token,   136.08 tokens per second)","n_decoded":92,"n_tokens_second":136.0801808091446,"slot_id":0,"t_token":7.348608695652174,"t_token_generation":676.072,"task_id":3756,"tid":"12622976","timestamp":1717616409}
{"function":"print_timings","level":"INFO","line":334,"msg":"          total time =    1140.06 ms","slot_id":0,"t_prompt_processing":463.985,"t_token_generation":676.072,"t_total":1140.057,"task_id":3756,"tid":"12622976","timestamp":1717616409}
{"function":"update_slots","level":"INFO","line":1715,"msg":"slot released","n_cache_tokens":92,"n_ctx":4096,"n_past":834,"n_system_tokens":0,"slot_id":0,"task_id":3756,"tid":"12622976","timestamp":1717616409,"truncated":false}
{"function":"log_server_request","level":"INFO","line":2761,"method":"POST","msg":"request","params":{},"path":"/completion","remote_addr":"127.0.0.1","remote_port":39478,"status":200,"tid":"17594341504176","timestamp":1717616409}
{"function":"launch_slot_with_data","level":"INFO","line":876,"msg":"slot is processing task","slot_id":0,"task_id":3850,"tid":"12622976","timestamp":1717616409}
{"function":"update_slots","level":"INFO","line":1904,"msg":"kv cache rm [p0, end)","p0":0,"slot_id":0,"task_id":3850,"tid":"12622976","timestamp":1717616409}
{"function":"print_timings","level":"INFO","line":310,"msg":"prompt eval time     =     412.86 ms /   743 tokens (    0.56 ms per token,  1799.63 tokens per second)","n_tokens_second":1799.6284481777247,"num_prompt_tokens_processed":743,"slot_id":0,"t_prompt_processing":412.863,"t_token":0.5556702557200538,"task_id":3850,"tid":"12622976","timestamp":1717616410}
{"function":"print_timings","level":"INFO","line":324,"msg":"generation eval time =     920.75 ms /   124 runs   (    7.43 ms per token,   134.67 tokens per second)","n_decoded":124,"n_tokens_second":134.6734061293777,"slot_id":0,"t_token":7.4253709677419355,"t_token_generation":920.746,"task_id":3850,"tid":"12622976","timestamp":1717616410}
{"function":"print_timings","level":"INFO","line":334,"msg":"          total time =    1333.61 ms","slot_id":0,"t_prompt_processing":412.863,"t_token_generation":920.746,"t_total":1333.609,"task_id":3850,"tid":"12622976","timestamp":1717616410}
{"function":"update_slots","level":"INFO","line":1715,"msg":"slot released","n_cache_tokens":124,"n_ctx":4096,"n_past":866,"n_system_tokens":0,"slot_id":0,"task_id":3850,"tid":"12622976","timestamp":1717616410,"truncated":false}
{"function":"log_server_request","level":"INFO","line":2761,"method":"POST","msg":"request","params":{},"path":"/completion","remote_addr":"127.0.0.1","remote_port":39490,"status":200,"tid":"17594341509936","timestamp":1717616410}
{"function":"launch_slot_with_data","level":"INFO","line":876,"msg":"slot is processing task","slot_id":0,"task_id":3976,"tid":"12622976","timestamp":1717616410}
{"function":"update_slots","level":"INFO","line":1904,"msg":"kv cache rm [p0, end)","p0":0,"slot_id":0,"task_id":3976,"tid":"12622976","timestamp":1717616410}
{"function":"print_timings","level":"INFO","line":310,"msg":"prompt eval time     =     389.72 ms /   743 tokens (    0.52 ms per token,  1906.49 tokens per second)","n_tokens_second":1906.4920802317556,"num_prompt_tokens_processed":743,"slot_id":0,"t_prompt_processing":389.721,"t_token":0.5245235531628533,"task_id":3976,"tid":"12622976","timestamp":1717616411}
{"function":"print_timings","level":"INFO","line":324,"msg":"generation eval time =     525.38 ms /    72 runs   (    7.30 ms per token,   137.04 tokens per second)","n_decoded":72,"n_tokens_second":137.04288109817028,"slot_id":0,"t_token":7.296986111111112,"t_token_generation":525.383,"task_id":3976,"tid":"12622976","timestamp":1717616411}
{"function":"print_timings","level":"INFO","line":334,"msg":"          total time =     915.10 ms","slot_id":0,"t_prompt_processing":389.721,"t_token_generation":525.383,"t_total":915.104,"task_id":3976,"tid":"12622976","timestamp":1717616411}
{"function":"update_slots","level":"INFO","line":1715,"msg":"slot released","n_cache_tokens":72,"n_ctx":4096,"n_past":814,"n_system_tokens":0,"slot_id":0,"task_id":3976,"tid":"12622976","timestamp":1717616411,"truncated":false}
{"function":"log_server_request","level":"INFO","line":2761,"method":"POST","msg":"request","params":{},"path":"/completion","remote_addr":"127.0.0.1","remote_port":39498,"status":200,"tid":"17594334288704","timestamp":1717616411}
{"function":"launch_slot_with_data","level":"INFO","line":876,"msg":"slot is processing task","slot_id":0,"task_id":4050,"tid":"12622976","timestamp":1717616411}
{"function":"update_slots","level":"INFO","line":1904,"msg":"kv cache rm [p0, end)","p0":0,"slot_id":0,"task_id":4050,"tid":"12622976","timestamp":1717616411}
{"function":"print_timings","level":"INFO","line":310,"msg":"prompt eval time     =     385.33 ms /   743 tokens (    0.52 ms per token,  1928.23 tokens per second)","n_tokens_second":1928.2323844423047,"num_prompt_tokens_processed":743,"slot_id":0,"t_prompt_processing":385.327,"t_token":0.5186096904441454,"task_id":4050,"tid":"12622976","timestamp":1717616412}
{"function":"print_timings","level":"INFO","line":324,"msg":"generation eval time =     578.24 ms /    79 runs   (    7.32 ms per token,   136.62 tokens per second)","n_decoded":79,"n_tokens_second":136.6209995123149,"slot_id":0,"t_token":7.319518987341771,"t_token_generation":578.242,"task_id":4050,"tid":"12622976","timestamp":1717616412}
{"function":"print_timings","level":"INFO","line":334,"msg":"          total time =     963.57 ms","slot_id":0,"t_prompt_processing":385.327,"t_token_generation":578.242,"t_total":963.569,"task_id":4050,"tid":"12622976","timestamp":1717616412}
{"function":"update_slots","level":"INFO","line":1715,"msg":"slot released","n_cache_tokens":79,"n_ctx":4096,"n_past":821,"n_system_tokens":0,"slot_id":0,"task_id":4050,"tid":"12622976","timestamp":1717616412,"truncated":false}
{"function":"log_server_request","level":"INFO","line":2761,"method":"POST","msg":"request","params":{},"path":"/completion","remote_addr":"127.0.0.1","remote_port":39512,"status":200,"tid":"17594341515696","timestamp":1717616412}
{"function":"launch_slot_with_data","level":"INFO","line":876,"msg":"slot is processing task","slot_id":0,"task_id":4131,"tid":"12622976","timestamp":1717616412}
{"function":"update_slots","level":"INFO","line":1904,"msg":"kv cache rm [p0, end)","p0":0,"slot_id":0,"task_id":4131,"tid":"12622976","timestamp":1717616412}
{"function":"print_timings","level":"INFO","line":310,"msg":"prompt eval time     =     360.20 ms /   743 tokens (    0.48 ms per token,  2062.75 tokens per second)","n_tokens_second":2062.7486472755336,"num_prompt_tokens_processed":743,"slot_id":0,"t_prompt_processing":360.199,"t_token":0.48479004037685064,"task_id":4131,"tid":"12622976","timestamp":1717616413}
{"function":"print_timings","level":"INFO","line":324,"msg":"generation eval time =     853.10 ms /   115 runs   (    7.42 ms per token,   134.80 tokens per second)","n_decoded":115,"n_tokens_second":134.80216902550927,"slot_id":0,"t_token":7.418278260869565,"t_token_generation":853.102,"task_id":4131,"tid":"12622976","timestamp":1717616413}
{"function":"print_timings","level":"INFO","line":334,"msg":"          total time =    1213.30 ms","slot_id":0,"t_prompt_processing":360.199,"t_token_generation":853.102,"t_total":1213.301,"task_id":4131,"tid":"12622976","timestamp":1717616413}
{"function":"update_slots","level":"INFO","line":1715,"msg":"slot released","n_cache_tokens":115,"n_ctx":4096,"n_past":857,"n_system_tokens":0,"slot_id":0,"task_id":4131,"tid":"12622976","timestamp":1717616413,"truncated":false}
{"function":"log_server_request","level":"INFO","line":2761,"method":"POST","msg":"request","params":{},"path":"/completion","remote_addr":"127.0.0.1","remote_port":39520,"status":200,"tid":"17594334288192","timestamp":1717616413}
{"function":"launch_slot_with_data","level":"INFO","line":876,"msg":"slot is processing task","slot_id":0,"task_id":4248,"tid":"12622976","timestamp":1717616413}
{"function":"update_slots","level":"INFO","line":1904,"msg":"kv cache rm [p0, end)","p0":0,"slot_id":0,"task_id":4248,"tid":"12622976","timestamp":1717616413}
{"function":"print_timings","level":"INFO","line":310,"msg":"prompt eval time     =     370.75 ms /   743 tokens (    0.50 ms per token,  2004.07 tokens per second)","n_tokens_second":2004.0728802815952,"num_prompt_tokens_processed":743,"slot_id":0,"t_prompt_processing":370.745,"t_token":0.49898384925975775,"task_id":4248,"tid":"12622976","timestamp":1717616415}
{"function":"print_timings","level":"INFO","line":324,"msg":"generation eval time =     890.89 ms /   120 runs   (    7.42 ms per token,   134.70 tokens per second)","n_decoded":120,"n_tokens_second":134.69646152395575,"slot_id":0,"t_token":7.4241,"t_token_generation":890.892,"task_id":4248,"tid":"12622976","timestamp":1717616415}
{"function":"print_timings","level":"INFO","line":334,"msg":"          total time =    1261.64 ms","slot_id":0,"t_prompt_processing":370.745,"t_token_generation":890.892,"t_total":1261.6370000000002,"task_id":4248,"tid":"12622976","timestamp":1717616415}
{"function":"update_slots","level":"INFO","line":1715,"msg":"slot released","n_cache_tokens":120,"n_ctx":4096,"n_past":862,"n_system_tokens":0,"slot_id":0,"task_id":4248,"tid":"12622976","timestamp":1717616415,"truncated":false}
{"function":"log_server_request","level":"INFO","line":2761,"method":"POST","msg":"request","params":{},"path":"/completion","remote_addr":"127.0.0.1","remote_port":39536,"status":200,"tid":"17594334290000","timestamp":1717616415}
{"function":"launch_slot_with_data","level":"INFO","line":876,"msg":"slot is processing task","slot_id":0,"task_id":4370,"tid":"12622976","timestamp":1717616415}
{"function":"update_slots","level":"INFO","line":1904,"msg":"kv cache rm [p0, end)","p0":0,"slot_id":0,"task_id":4370,"tid":"12622976","timestamp":1717616415}
{"function":"print_timings","level":"INFO","line":310,"msg":"prompt eval time     =     455.54 ms /   743 tokens (    0.61 ms per token,  1631.02 tokens per second)","n_tokens_second":1631.0205622740336,"num_prompt_tokens_processed":743,"slot_id":0,"t_prompt_processing":455.543,"t_token":0.6131130551816958,"task_id":4370,"tid":"12622976","timestamp":1717616416}
{"function":"print_timings","level":"INFO","line":324,"msg":"generation eval time =     720.33 ms /    98 runs   (    7.35 ms per token,   136.05 tokens per second)","n_decoded":98,"n_tokens_second":136.04969978828998,"slot_id":0,"t_token":7.3502551020408164,"t_token_generation":720.325,"task_id":4370,"tid":"12622976","timestamp":1717616416}
{"function":"print_timings","level":"INFO","line":334,"msg":"          total time =    1175.87 ms","slot_id":0,"t_prompt_processing":455.543,"t_token_generation":720.325,"t_total":1175.868,"task_id":4370,"tid":"12622976","timestamp":1717616416}
{"function":"update_slots","level":"INFO","line":1715,"msg":"slot released","n_cache_tokens":98,"n_ctx":4096,"n_past":840,"n_system_tokens":0,"slot_id":0,"task_id":4370,"tid":"12622976","timestamp":1717616416,"truncated":false}
{"function":"log_server_request","level":"INFO","line":2761,"method":"POST","msg":"request","params":{},"path":"/completion","remote_addr":"127.0.0.1","remote_port":39542,"status":200,"tid":"17594334290256","timestamp":1717616416}
{"function":"launch_slot_with_data","level":"INFO","line":876,"msg":"slot is processing task","slot_id":0,"task_id":4470,"tid":"12622976","timestamp":1717616416}
{"function":"update_slots","level":"INFO","line":1904,"msg":"kv cache rm [p0, end)","p0":0,"slot_id":0,"task_id":4470,"tid":"12622976","timestamp":1717616416}
{"function":"print_timings","level":"INFO","line":310,"msg":"prompt eval time     =     613.06 ms /   743 tokens (    0.83 ms per token,  1211.96 tokens per second)","n_tokens_second":1211.9571068316538,"num_prompt_tokens_processed":743,"slot_id":0,"t_prompt_processing":613.058,"t_token":0.8251117092866757,"task_id":4470,"tid":"12622976","timestamp":1717616417}
{"function":"print_timings","level":"INFO","line":324,"msg":"generation eval time =     479.92 ms /    66 runs   (    7.27 ms per token,   137.52 tokens per second)","n_decoded":66,"n_tokens_second":137.52406671167452,"slot_id":0,"t_token":7.271454545454546,"t_token_generation":479.916,"task_id":4470,"tid":"12622976","timestamp":1717616417}
{"function":"print_timings","level":"INFO","line":334,"msg":"          total time =    1092.97 ms","slot_id":0,"t_prompt_processing":613.058,"t_token_generation":479.916,"t_total":1092.974,"task_id":4470,"tid":"12622976","timestamp":1717616417}
{"function":"update_slots","level":"INFO","line":1715,"msg":"slot released","n_cache_tokens":66,"n_ctx":4096,"n_past":808,"n_system_tokens":0,"slot_id":0,"task_id":4470,"tid":"12622976","timestamp":1717616417,"truncated":false}
{"function":"log_server_request","level":"INFO","line":2761,"method":"POST","msg":"request","params":{},"path":"/completion","remote_addr":"127.0.0.1","remote_port":39550,"status":200,"tid":"17594334287936","timestamp":1717616417}
{"function":"launch_slot_with_data","level":"INFO","line":876,"msg":"slot is processing task","slot_id":0,"task_id":4538,"tid":"12622976","timestamp":1717616417}
{"function":"update_slots","level":"INFO","line":1904,"msg":"kv cache rm [p0, end)","p0":0,"slot_id":0,"task_id":4538,"tid":"12622976","timestamp":1717616417}
{"function":"print_timings","level":"INFO","line":310,"msg":"prompt eval time     =     612.26 ms /   743 tokens (    0.82 ms per token,  1213.54 tokens per second)","n_tokens_second":1213.5426789730457,"num_prompt_tokens_processed":743,"slot_id":0,"t_prompt_processing":612.257,"t_token":0.8240336473755047,"task_id":4538,"tid":"12622976","timestamp":1717616418}
{"function":"print_timings","level":"INFO","line":324,"msg":"generation eval time =     532.03 ms /    73 runs   (    7.29 ms per token,   137.21 tokens per second)","n_decoded":73,"n_tokens_second":137.21030768941603,"slot_id":0,"t_token":7.288082191780822,"t_token_generation":532.03,"task_id":4538,"tid":"12622976","timestamp":1717616418}
{"function":"print_timings","level":"INFO","line":334,"msg":"          total time =    1144.29 ms","slot_id":0,"t_prompt_processing":612.257,"t_token_generation":532.03,"t_total":1144.2869999999998,"task_id":4538,"tid":"12622976","timestamp":1717616418}
{"function":"update_slots","level":"INFO","line":1715,"msg":"slot released","n_cache_tokens":73,"n_ctx":4096,"n_past":815,"n_system_tokens":0,"slot_id":0,"task_id":4538,"tid":"12622976","timestamp":1717616418,"truncated":false}
{"function":"log_server_request","level":"INFO","line":2761,"method":"POST","msg":"request","params":{},"path":"/completion","remote_addr":"127.0.0.1","remote_port":42328,"status":200,"tid":"17594334302976","timestamp":1717616418}
{"function":"launch_slot_with_data","level":"INFO","line":876,"msg":"slot is processing task","slot_id":0,"task_id":4613,"tid":"12622976","timestamp":1717616418}
{"function":"update_slots","level":"INFO","line":1904,"msg":"kv cache rm [p0, end)","p0":0,"slot_id":0,"task_id":4613,"tid":"12622976","timestamp":1717616418}
{"function":"print_timings","level":"INFO","line":310,"msg":"prompt eval time     =     371.56 ms /   743 tokens (    0.50 ms per token,  1999.70 tokens per second)","n_tokens_second":1999.69856495387,"num_prompt_tokens_processed":743,"slot_id":0,"t_prompt_processing":371.556,"t_token":0.5000753701211306,"task_id":4613,"tid":"12622976","timestamp":1717616419}
{"function":"print_timings","level":"INFO","line":324,"msg":"generation eval time =     445.95 ms /    61 runs   (    7.31 ms per token,   136.79 tokens per second)","n_decoded":61,"n_tokens_second":136.78571508656742,"slot_id":0,"t_token":7.310704918032786,"t_token_generation":445.953,"task_id":4613,"tid":"12622976","timestamp":1717616419}
{"function":"print_timings","level":"INFO","line":334,"msg":"          total time =     817.51 ms","slot_id":0,"t_prompt_processing":371.556,"t_token_generation":445.953,"t_total":817.509,"task_id":4613,"tid":"12622976","timestamp":1717616419}
{"function":"update_slots","level":"INFO","line":1715,"msg":"slot released","n_cache_tokens":61,"n_ctx":4096,"n_past":803,"n_system_tokens":0,"slot_id":0,"task_id":4613,"tid":"12622976","timestamp":1717616419,"truncated":false}
{"function":"log_server_request","level":"INFO","line":2761,"method":"POST","msg":"request","params":{},"path":"/completion","remote_addr":"127.0.0.1","remote_port":42340,"status":200,"tid":"17594334303360","timestamp":1717616419}
{"function":"launch_slot_with_data","level":"INFO","line":876,"msg":"slot is processing task","slot_id":0,"task_id":4676,"tid":"12622976","timestamp":1717616419}
{"function":"update_slots","level":"INFO","line":1904,"msg":"kv cache rm [p0, end)","p0":0,"slot_id":0,"task_id":4676,"tid":"12622976","timestamp":1717616419}
{"function":"print_timings","level":"INFO","line":310,"msg":"prompt eval time     =     383.71 ms /   743 tokens (    0.52 ms per token,  1936.35 tokens per second)","n_tokens_second":1936.3531407752187,"num_prompt_tokens_processed":743,"slot_id":0,"t_prompt_processing":383.711,"t_token":0.5164347240915209,"task_id":4676,"tid":"12622976","timestamp":1717616420}
{"function":"print_timings","level":"INFO","line":324,"msg":"generation eval time =     453.41 ms /    62 runs   (    7.31 ms per token,   136.74 tokens per second)","n_decoded":62,"n_tokens_second":136.7424852285033,"slot_id":0,"t_token":7.313016129032258,"t_token_generation":453.407,"task_id":4676,"tid":"12622976","timestamp":1717616420}
{"function":"print_timings","level":"INFO","line":334,"msg":"          total time =     837.12 ms","slot_id":0,"t_prompt_processing":383.711,"t_token_generation":453.407,"t_total":837.1179999999999,"task_id":4676,"tid":"12622976","timestamp":1717616420}
{"function":"update_slots","level":"INFO","line":1715,"msg":"slot released","n_cache_tokens":62,"n_ctx":4096,"n_past":804,"n_system_tokens":0,"slot_id":0,"task_id":4676,"tid":"12622976","timestamp":1717616420,"truncated":false}
{"function":"log_server_request","level":"INFO","line":2761,"method":"POST","msg":"request","params":{},"path":"/completion","remote_addr":"127.0.0.1","remote_port":42356,"status":200,"tid":"17594334303712","timestamp":1717616420}
{"function":"launch_slot_with_data","level":"INFO","line":876,"msg":"slot is processing task","slot_id":0,"task_id":4740,"tid":"12622976","timestamp":1717616420}
{"function":"update_slots","level":"INFO","line":1904,"msg":"kv cache rm [p0, end)","p0":0,"slot_id":0,"task_id":4740,"tid":"12622976","timestamp":1717616420}
{"function":"print_timings","level":"INFO","line":310,"msg":"prompt eval time     =     460.65 ms /   743 tokens (    0.62 ms per token,  1612.92 tokens per second)","n_tokens_second":1612.9207324353367,"num_prompt_tokens_processed":743,"slot_id":0,"t_prompt_processing":460.655,"t_token":0.619993270524899,"task_id":4740,"tid":"12622976","timestamp":1717616421}
{"function":"print_timings","level":"INFO","line":324,"msg":"generation eval time =     597.40 ms /    81 runs   (    7.38 ms per token,   135.59 tokens per second)","n_decoded":81,"n_tokens_second":135.58663818789293,"slot_id":0,"t_token":7.375358024691358,"t_token_generation":597.404,"task_id":4740,"tid":"12622976","timestamp":1717616421}
{"function":"print_timings","level":"INFO","line":334,"msg":"          total time =    1058.06 ms","slot_id":0,"t_prompt_processing":460.655,"t_token_generation":597.404,"t_total":1058.059,"task_id":4740,"tid":"12622976","timestamp":1717616421}
{"function":"update_slots","level":"INFO","line":1715,"msg":"slot released","n_cache_tokens":81,"n_ctx":4096,"n_past":823,"n_system_tokens":0,"slot_id":0,"task_id":4740,"tid":"12622976","timestamp":1717616421,"truncated":false}
{"function":"log_server_request","level":"INFO","line":2761,"method":"POST","msg":"request","params":{},"path":"/completion","remote_addr":"127.0.0.1","remote_port":42368,"status":200,"tid":"17594335720960","timestamp":1717616421}
{"function":"launch_slot_with_data","level":"INFO","line":876,"msg":"slot is processing task","slot_id":0,"task_id":4823,"tid":"12622976","timestamp":1717616421}
{"function":"update_slots","level":"INFO","line":1904,"msg":"kv cache rm [p0, end)","p0":0,"slot_id":0,"task_id":4823,"tid":"12622976","timestamp":1717616421}
{"function":"print_timings","level":"INFO","line":310,"msg":"prompt eval time     =     369.18 ms /   743 tokens (    0.50 ms per token,  2012.58 tokens per second)","n_tokens_second":2012.5792977913095,"num_prompt_tokens_processed":743,"slot_id":0,"t_prompt_processing":369.178,"t_token":0.49687483176312247,"task_id":4823,"tid":"12622976","timestamp":1717616422}
{"function":"print_timings","level":"INFO","line":324,"msg":"generation eval time =     420.44 ms /    58 runs   (    7.25 ms per token,   137.95 tokens per second)","n_decoded":58,"n_tokens_second":137.9490777628465,"slot_id":0,"t_token":7.249051724137931,"t_token_generation":420.445,"task_id":4823,"tid":"12622976","timestamp":1717616422}
{"function":"print_timings","level":"INFO","line":334,"msg":"          total time =     789.62 ms","slot_id":0,"t_prompt_processing":369.178,"t_token_generation":420.445,"t_total":789.623,"task_id":4823,"tid":"12622976","timestamp":1717616422}
{"function":"update_slots","level":"INFO","line":1715,"msg":"slot released","n_cache_tokens":58,"n_ctx":4096,"n_past":800,"n_system_tokens":0,"slot_id":0,"task_id":4823,"tid":"12622976","timestamp":1717616422,"truncated":false}
{"function":"log_server_request","level":"INFO","line":2761,"method":"POST","msg":"request","params":{},"path":"/completion","remote_addr":"127.0.0.1","remote_port":42380,"status":200,"tid":"17594335726624","timestamp":1717616422}
{"function":"launch_slot_with_data","level":"INFO","line":876,"msg":"slot is processing task","slot_id":0,"task_id":4883,"tid":"12622976","timestamp":1717616422}
{"function":"update_slots","level":"INFO","line":1904,"msg":"kv cache rm [p0, end)","p0":0,"slot_id":0,"task_id":4883,"tid":"12622976","timestamp":1717616422}
{"function":"print_timings","level":"INFO","line":310,"msg":"prompt eval time     =     611.79 ms /   743 tokens (    0.82 ms per token,  1214.47 tokens per second)","n_tokens_second":1214.4729873747115,"num_prompt_tokens_processed":743,"slot_id":0,"t_prompt_processing":611.788,"t_token":0.8234024226110364,"task_id":4883,"tid":"12622976","timestamp":1717616424}
{"function":"print_timings","level":"INFO","line":324,"msg":"generation eval time =     589.95 ms /    80 runs   (    7.37 ms per token,   135.60 tokens per second)","n_decoded":80,"n_tokens_second":135.60471226375117,"slot_id":0,"t_token":7.374375000000001,"t_token_generation":589.95,"task_id":4883,"tid":"12622976","timestamp":1717616424}
{"function":"print_timings","level":"INFO","line":334,"msg":"          total time =    1201.74 ms","slot_id":0,"t_prompt_processing":611.788,"t_token_generation":589.95,"t_total":1201.738,"task_id":4883,"tid":"12622976","timestamp":1717616424}
{"function":"update_slots","level":"INFO","line":1715,"msg":"slot released","n_cache_tokens":80,"n_ctx":4096,"n_past":822,"n_system_tokens":0,"slot_id":0,"task_id":4883,"tid":"12622976","timestamp":1717616424,"truncated":false}
{"function":"log_server_request","level":"INFO","line":2761,"method":"POST","msg":"request","params":{},"path":"/completion","remote_addr":"127.0.0.1","remote_port":42396,"status":200,"tid":"17594335732288","timestamp":1717616424}
{"function":"launch_slot_with_data","level":"INFO","line":876,"msg":"slot is processing task","slot_id":0,"task_id":4965,"tid":"12622976","timestamp":1717616424}
{"function":"update_slots","level":"INFO","line":1904,"msg":"kv cache rm [p0, end)","p0":0,"slot_id":0,"task_id":4965,"tid":"12622976","timestamp":1717616424}
{"function":"print_timings","level":"INFO","line":310,"msg":"prompt eval time     =     601.48 ms /   743 tokens (    0.81 ms per token,  1235.28 tokens per second)","n_tokens_second":1235.2801326055767,"num_prompt_tokens_processed":743,"slot_id":0,"t_prompt_processing":601.483,"t_token":0.8095329744279945,"task_id":4965,"tid":"12622976","timestamp":1717616425}
{"function":"print_timings","level":"INFO","line":324,"msg":"generation eval time =     695.43 ms /    94 runs   (    7.40 ms per token,   135.17 tokens per second)","n_decoded":94,"n_tokens_second":135.16778060256073,"slot_id":0,"t_token":7.398212765957447,"t_token_generation":695.432,"task_id":4965,"tid":"12622976","timestamp":1717616425}
{"function":"print_timings","level":"INFO","line":334,"msg":"          total time =    1296.91 ms","slot_id":0,"t_prompt_processing":601.483,"t_token_generation":695.432,"t_total":1296.915,"task_id":4965,"tid":"12622976","timestamp":1717616425}
{"function":"update_slots","level":"INFO","line":1715,"msg":"slot released","n_cache_tokens":94,"n_ctx":4096,"n_past":836,"n_system_tokens":0,"slot_id":0,"task_id":4965,"tid":"12622976","timestamp":1717616425,"truncated":false}
{"function":"log_server_request","level":"INFO","line":2761,"method":"POST","msg":"request","params":{},"path":"/completion","remote_addr":"127.0.0.1","remote_port":42398,"status":200,"tid":"17594335737952","timestamp":1717616425}
{"function":"launch_slot_with_data","level":"INFO","line":876,"msg":"slot is processing task","slot_id":0,"task_id":5061,"tid":"12622976","timestamp":1717616425}
{"function":"update_slots","level":"INFO","line":1904,"msg":"kv cache rm [p0, end)","p0":0,"slot_id":0,"task_id":5061,"tid":"12622976","timestamp":1717616425}
{"function":"print_timings","level":"INFO","line":310,"msg":"prompt eval time     =     612.08 ms /   743 tokens (    0.82 ms per token,  1213.90 tokens per second)","n_tokens_second":1213.9035248948248,"num_prompt_tokens_processed":743,"slot_id":0,"t_prompt_processing":612.075,"t_token":0.8237886944818305,"task_id":5061,"tid":"12622976","timestamp":1717616426}
{"function":"print_timings","level":"INFO","line":324,"msg":"generation eval time =     547.38 ms /    75 runs   (    7.30 ms per token,   137.02 tokens per second)","n_decoded":75,"n_tokens_second":137.01633234681574,"slot_id":0,"t_token":7.2984,"t_token_generation":547.38,"task_id":5061,"tid":"12622976","timestamp":1717616426}
{"function":"print_timings","level":"INFO","line":334,"msg":"          total time =    1159.45 ms","slot_id":0,"t_prompt_processing":612.075,"t_token_generation":547.38,"t_total":1159.455,"task_id":5061,"tid":"12622976","timestamp":1717616426}
{"function":"update_slots","level":"INFO","line":1715,"msg":"slot released","n_cache_tokens":75,"n_ctx":4096,"n_past":817,"n_system_tokens":0,"slot_id":0,"task_id":5061,"tid":"12622976","timestamp":1717616426,"truncated":false}
{"function":"log_server_request","level":"INFO","line":2761,"method":"POST","msg":"request","params":{},"path":"/completion","remote_addr":"127.0.0.1","remote_port":42408,"status":200,"tid":"17594335743616","timestamp":1717616426}
{"function":"launch_slot_with_data","level":"INFO","line":876,"msg":"slot is processing task","slot_id":0,"task_id":5138,"tid":"12622976","timestamp":1717616427}
{"function":"update_slots","level":"INFO","line":1904,"msg":"kv cache rm [p0, end)","p0":0,"slot_id":0,"task_id":5138,"tid":"12622976","timestamp":1717616427}
{"function":"print_timings","level":"INFO","line":310,"msg":"prompt eval time     =     408.40 ms /   743 tokens (    0.55 ms per token,  1819.28 tokens per second)","n_tokens_second":1819.2769904310437,"num_prompt_tokens_processed":743,"slot_id":0,"t_prompt_processing":408.404,"t_token":0.5496689098250337,"task_id":5138,"tid":"12622976","timestamp":1717616428}
{"function":"print_timings","level":"INFO","line":324,"msg":"generation eval time =     727.59 ms /    99 runs   (    7.35 ms per token,   136.07 tokens per second)","n_decoded":99,"n_tokens_second":136.06601538233178,"slot_id":0,"t_token":7.349373737373737,"t_token_generation":727.588,"task_id":5138,"tid":"12622976","timestamp":1717616428}
{"function":"print_timings","level":"INFO","line":334,"msg":"          total time =    1135.99 ms","slot_id":0,"t_prompt_processing":408.404,"t_token_generation":727.588,"t_total":1135.992,"task_id":5138,"tid":"12622976","timestamp":1717616428}
{"function":"update_slots","level":"INFO","line":1715,"msg":"slot released","n_cache_tokens":99,"n_ctx":4096,"n_past":841,"n_system_tokens":0,"slot_id":0,"task_id":5138,"tid":"12622976","timestamp":1717616428,"truncated":false}
{"function":"log_server_request","level":"INFO","line":2761,"method":"POST","msg":"request","params":{},"path":"/completion","remote_addr":"127.0.0.1","remote_port":42424,"status":200,"tid":"17594335749280","timestamp":1717616428}
{"function":"launch_slot_with_data","level":"INFO","line":876,"msg":"slot is processing task","slot_id":0,"task_id":5239,"tid":"12622976","timestamp":1717616428}
{"function":"update_slots","level":"INFO","line":1904,"msg":"kv cache rm [p0, end)","p0":0,"slot_id":0,"task_id":5239,"tid":"12622976","timestamp":1717616428}
{"function":"print_timings","level":"INFO","line":310,"msg":"prompt eval time     =     370.45 ms /   743 tokens (    0.50 ms per token,  2005.64 tokens per second)","n_tokens_second":2005.6417108690666,"num_prompt_tokens_processed":743,"slot_id":0,"t_prompt_processing":370.455,"t_token":0.4985935397039031,"task_id":5239,"tid":"12622976","timestamp":1717616429}
{"function":"print_timings","level":"INFO","line":324,"msg":"generation eval time =     868.97 ms /   118 runs   (    7.36 ms per token,   135.79 tokens per second)","n_decoded":118,"n_tokens_second":135.79295027446287,"slot_id":0,"t_token":7.3641525423728815,"t_token_generation":868.97,"task_id":5239,"tid":"12622976","timestamp":1717616429}
{"function":"print_timings","level":"INFO","line":334,"msg":"          total time =    1239.42 ms","slot_id":0,"t_prompt_processing":370.455,"t_token_generation":868.97,"t_total":1239.425,"task_id":5239,"tid":"12622976","timestamp":1717616429}
{"function":"update_slots","level":"INFO","line":1715,"msg":"slot released","n_cache_tokens":118,"n_ctx":4096,"n_past":860,"n_system_tokens":0,"slot_id":0,"task_id":5239,"tid":"12622976","timestamp":1717616429,"truncated":false}
{"function":"log_server_request","level":"INFO","line":2761,"method":"POST","msg":"request","params":{},"path":"/completion","remote_addr":"127.0.0.1","remote_port":38378,"status":200,"tid":"17594335754944","timestamp":1717616429}
{"function":"launch_slot_with_data","level":"INFO","line":876,"msg":"slot is processing task","slot_id":0,"task_id":5359,"tid":"12622976","timestamp":1717616429}
{"function":"update_slots","level":"INFO","line":1904,"msg":"kv cache rm [p0, end)","p0":0,"slot_id":0,"task_id":5359,"tid":"12622976","timestamp":1717616429}
{"function":"print_timings","level":"INFO","line":310,"msg":"prompt eval time     =     409.72 ms /   743 tokens (    0.55 ms per token,  1813.45 tokens per second)","n_tokens_second":1813.4468425767054,"num_prompt_tokens_processed":743,"slot_id":0,"t_prompt_processing":409.717,"t_token":0.551436069986541,"task_id":5359,"tid":"12622976","timestamp":1717616430}
{"function":"print_timings","level":"INFO","line":324,"msg":"generation eval time =     688.11 ms /    93 runs   (    7.40 ms per token,   135.15 tokens per second)","n_decoded":93,"n_tokens_second":135.15241704838746,"slot_id":0,"t_token":7.39905376344086,"t_token_generation":688.112,"task_id":5359,"tid":"12622976","timestamp":1717616430}
{"function":"print_timings","level":"INFO","line":334,"msg":"          total time =    1097.83 ms","slot_id":0,"t_prompt_processing":409.717,"t_token_generation":688.112,"t_total":1097.829,"task_id":5359,"tid":"12622976","timestamp":1717616430}
{"function":"update_slots","level":"INFO","line":1715,"msg":"slot released","n_cache_tokens":93,"n_ctx":4096,"n_past":835,"n_system_tokens":0,"slot_id":0,"task_id":5359,"tid":"12622976","timestamp":1717616430,"truncated":false}
{"function":"log_server_request","level":"INFO","line":2761,"method":"POST","msg":"request","params":{},"path":"/completion","remote_addr":"127.0.0.1","remote_port":38386,"status":200,"tid":"17594335957200","timestamp":1717616430}
{"function":"launch_slot_with_data","level":"INFO","line":876,"msg":"slot is processing task","slot_id":0,"task_id":5454,"tid":"12622976","timestamp":1717616430}
{"function":"update_slots","level":"INFO","line":1904,"msg":"kv cache rm [p0, end)","p0":0,"slot_id":0,"task_id":5454,"tid":"12622976","timestamp":1717616430}
{"function":"print_timings","level":"INFO","line":310,"msg":"prompt eval time     =     386.96 ms /   743 tokens (    0.52 ms per token,  1920.09 tokens per second)","n_tokens_second":1920.0851763222229,"num_prompt_tokens_processed":743,"slot_id":0,"t_prompt_processing":386.962,"t_token":0.5208102288021534,"task_id":5454,"tid":"12622976","timestamp":1717616432}
{"function":"print_timings","level":"INFO","line":324,"msg":"generation eval time =     921.36 ms /   125 runs   (    7.37 ms per token,   135.67 tokens per second)","n_decoded":125,"n_tokens_second":135.66901102717722,"slot_id":0,"t_token":7.3708800000000005,"t_token_generation":921.36,"task_id":5454,"tid":"12622976","timestamp":1717616432}
{"function":"print_timings","level":"INFO","line":334,"msg":"          total time =    1308.32 ms","slot_id":0,"t_prompt_processing":386.962,"t_token_generation":921.36,"t_total":1308.3220000000001,"task_id":5454,"tid":"12622976","timestamp":1717616432}
{"function":"update_slots","level":"INFO","line":1715,"msg":"slot released","n_cache_tokens":125,"n_ctx":4096,"n_past":867,"n_system_tokens":0,"slot_id":0,"task_id":5454,"tid":"12622976","timestamp":1717616432,"truncated":false}
{"function":"log_server_request","level":"INFO","line":2761,"method":"POST","msg":"request","params":{},"path":"/completion","remote_addr":"127.0.0.1","remote_port":38394,"status":200,"tid":"17594335963056","timestamp":1717616432}
{"function":"launch_slot_with_data","level":"INFO","line":876,"msg":"slot is processing task","slot_id":0,"task_id":5581,"tid":"12622976","timestamp":1717616432}
{"function":"update_slots","level":"INFO","line":1904,"msg":"kv cache rm [p0, end)","p0":0,"slot_id":0,"task_id":5581,"tid":"12622976","timestamp":1717616432}
{"function":"print_timings","level":"INFO","line":310,"msg":"prompt eval time     =     434.32 ms /   743 tokens (    0.58 ms per token,  1710.70 tokens per second)","n_tokens_second":1710.7044510549729,"num_prompt_tokens_processed":743,"slot_id":0,"t_prompt_processing":434.324,"t_token":0.5845545087483176,"task_id":5581,"tid":"12622976","timestamp":1717616433}
{"function":"print_timings","level":"INFO","line":324,"msg":"generation eval time =     744.26 ms /   101 runs   (    7.37 ms per token,   135.70 tokens per second)","n_decoded":101,"n_tokens_second":135.70489961868267,"slot_id":0,"t_token":7.368930693069307,"t_token_generation":744.262,"task_id":5581,"tid":"12622976","timestamp":1717616433}
{"function":"print_timings","level":"INFO","line":334,"msg":"          total time =    1178.59 ms","slot_id":0,"t_prompt_processing":434.324,"t_token_generation":744.262,"t_total":1178.586,"task_id":5581,"tid":"12622976","timestamp":1717616433}
{"function":"update_slots","level":"INFO","line":1715,"msg":"slot released","n_cache_tokens":101,"n_ctx":4096,"n_past":843,"n_system_tokens":0,"slot_id":0,"task_id":5581,"tid":"12622976","timestamp":1717616433,"truncated":false}
{"function":"log_server_request","level":"INFO","line":2761,"method":"POST","msg":"request","params":{},"path":"/completion","remote_addr":"127.0.0.1","remote_port":38410,"status":200,"tid":"17594335968688","timestamp":1717616433}
{"function":"launch_slot_with_data","level":"INFO","line":876,"msg":"slot is processing task","slot_id":0,"task_id":5684,"tid":"12622976","timestamp":1717616433}
{"function":"update_slots","level":"INFO","line":1904,"msg":"kv cache rm [p0, end)","p0":0,"slot_id":0,"task_id":5684,"tid":"12622976","timestamp":1717616433}
{"function":"print_timings","level":"INFO","line":310,"msg":"prompt eval time     =     397.35 ms /   743 tokens (    0.53 ms per token,  1869.88 tokens per second)","n_tokens_second":1869.8833021686119,"num_prompt_tokens_processed":743,"slot_id":0,"t_prompt_processing":397.351,"t_token":0.5347927321668909,"task_id":5684,"tid":"12622976","timestamp":1717616435}
{"function":"print_timings","level":"INFO","line":324,"msg":"generation eval time =     784.78 ms /   106 runs   (    7.40 ms per token,   135.07 tokens per second)","n_decoded":106,"n_tokens_second":135.069528951389,"slot_id":0,"t_token":7.403594339622641,"t_token_generation":784.781,"task_id":5684,"tid":"12622976","timestamp":1717616435}
{"function":"print_timings","level":"INFO","line":334,"msg":"          total time =    1182.13 ms","slot_id":0,"t_prompt_processing":397.351,"t_token_generation":784.781,"t_total":1182.132,"task_id":5684,"tid":"12622976","timestamp":1717616435}
{"function":"update_slots","level":"INFO","line":1715,"msg":"slot released","n_cache_tokens":106,"n_ctx":4096,"n_past":848,"n_system_tokens":0,"slot_id":0,"task_id":5684,"tid":"12622976","timestamp":1717616435,"truncated":false}
{"function":"log_server_request","level":"INFO","line":2761,"method":"POST","msg":"request","params":{},"path":"/completion","remote_addr":"127.0.0.1","remote_port":38424,"status":200,"tid":"17594335974320","timestamp":1717616435}
{"function":"launch_slot_with_data","level":"INFO","line":876,"msg":"slot is processing task","slot_id":0,"task_id":5792,"tid":"12622976","timestamp":1717616435}
{"function":"update_slots","level":"INFO","line":1904,"msg":"kv cache rm [p0, end)","p0":0,"slot_id":0,"task_id":5792,"tid":"12622976","timestamp":1717616435}
{"function":"print_timings","level":"INFO","line":310,"msg":"prompt eval time     =     413.55 ms /   743 tokens (    0.56 ms per token,  1796.66 tokens per second)","n_tokens_second":1796.6605810734018,"num_prompt_tokens_processed":743,"slot_id":0,"t_prompt_processing":413.545,"t_token":0.5565881561238224,"task_id":5792,"tid":"12622976","timestamp":1717616436}
{"function":"print_timings","level":"INFO","line":324,"msg":"generation eval time =     705.21 ms /    96 runs   (    7.35 ms per token,   136.13 tokens per second)","n_decoded":96,"n_tokens_second":136.12947047054,"slot_id":0,"t_token":7.345947916666667,"t_token_generation":705.211,"task_id":5792,"tid":"12622976","timestamp":1717616436}
{"function":"print_timings","level":"INFO","line":334,"msg":"          total time =    1118.76 ms","slot_id":0,"t_prompt_processing":413.545,"t_token_generation":705.211,"t_total":1118.756,"task_id":5792,"tid":"12622976","timestamp":1717616436}
{"function":"update_slots","level":"INFO","line":1715,"msg":"slot released","n_cache_tokens":96,"n_ctx":4096,"n_past":838,"n_system_tokens":0,"slot_id":0,"task_id":5792,"tid":"12622976","timestamp":1717616436,"truncated":false}
{"function":"log_server_request","level":"INFO","line":2761,"method":"POST","msg":"request","params":{},"path":"/completion","remote_addr":"127.0.0.1","remote_port":38436,"status":200,"tid":"17594335979952","timestamp":1717616436}
{"function":"launch_slot_with_data","level":"INFO","line":876,"msg":"slot is processing task","slot_id":0,"task_id":5890,"tid":"12622976","timestamp":1717616436}
{"function":"update_slots","level":"INFO","line":1904,"msg":"kv cache rm [p0, end)","p0":0,"slot_id":0,"task_id":5890,"tid":"12622976","timestamp":1717616436}
{"function":"print_timings","level":"INFO","line":310,"msg":"prompt eval time     =     385.87 ms /   743 tokens (    0.52 ms per token,  1925.54 tokens per second)","n_tokens_second":1925.538917655352,"num_prompt_tokens_processed":743,"slot_id":0,"t_prompt_processing":385.866,"t_token":0.5193351278600269,"task_id":5890,"tid":"12622976","timestamp":1717616437}
{"function":"print_timings","level":"INFO","line":324,"msg":"generation eval time =     592.40 ms /    81 runs   (    7.31 ms per token,   136.73 tokens per second)","n_decoded":81,"n_tokens_second":136.73078383875895,"slot_id":0,"t_token":7.3136419753086415,"t_token_generation":592.405,"task_id":5890,"tid":"12622976","timestamp":1717616437}
{"function":"print_timings","level":"INFO","line":334,"msg":"          total time =     978.27 ms","slot_id":0,"t_prompt_processing":385.866,"t_token_generation":592.405,"t_total":978.271,"task_id":5890,"tid":"12622976","timestamp":1717616437}
{"function":"update_slots","level":"INFO","line":1715,"msg":"slot released","n_cache_tokens":81,"n_ctx":4096,"n_past":823,"n_system_tokens":0,"slot_id":0,"task_id":5890,"tid":"12622976","timestamp":1717616437,"truncated":false}
{"function":"log_server_request","level":"INFO","line":2761,"method":"POST","msg":"request","params":{},"path":"/completion","remote_addr":"127.0.0.1","remote_port":38444,"status":200,"tid":"17594335985584","timestamp":1717616437}
{"function":"launch_slot_with_data","level":"INFO","line":876,"msg":"slot is processing task","slot_id":0,"task_id":5973,"tid":"12622976","timestamp":1717616437}
{"function":"update_slots","level":"INFO","line":1904,"msg":"kv cache rm [p0, end)","p0":0,"slot_id":0,"task_id":5973,"tid":"12622976","timestamp":1717616437}
{"function":"print_timings","level":"INFO","line":310,"msg":"prompt eval time     =     613.03 ms /   743 tokens (    0.83 ms per token,  1212.01 tokens per second)","n_tokens_second":1212.0124626853499,"num_prompt_tokens_processed":743,"slot_id":0,"t_prompt_processing":613.03,"t_token":0.8250740242261103,"task_id":5973,"tid":"12622976","timestamp":1717616438}
{"function":"print_timings","level":"INFO","line":324,"msg":"generation eval time =     801.33 ms /   109 runs   (    7.35 ms per token,   136.02 tokens per second)","n_decoded":109,"n_tokens_second":136.0243695769642,"slot_id":0,"t_token":7.351623853211009,"t_token_generation":801.327,"task_id":5973,"tid":"12622976","timestamp":1717616438}
{"function":"print_timings","level":"INFO","line":334,"msg":"          total time =    1414.36 ms","slot_id":0,"t_prompt_processing":613.03,"t_token_generation":801.327,"t_total":1414.357,"task_id":5973,"tid":"12622976","timestamp":1717616438}
{"function":"update_slots","level":"INFO","line":1715,"msg":"slot released","n_cache_tokens":109,"n_ctx":4096,"n_past":851,"n_system_tokens":0,"slot_id":0,"task_id":5973,"tid":"12622976","timestamp":1717616438,"truncated":false}
{"function":"log_server_request","level":"INFO","line":2761,"method":"POST","msg":"request","params":{},"path":"/completion","remote_addr":"127.0.0.1","remote_port":53722,"status":200,"tid":"17594335991216","timestamp":1717616438}
{"function":"launch_slot_with_data","level":"INFO","line":876,"msg":"slot is processing task","slot_id":0,"task_id":6084,"tid":"12622976","timestamp":1717616438}
{"function":"update_slots","level":"INFO","line":1904,"msg":"kv cache rm [p0, end)","p0":0,"slot_id":0,"task_id":6084,"tid":"12622976","timestamp":1717616438}
{"function":"print_timings","level":"INFO","line":310,"msg":"prompt eval time     =     369.93 ms /   743 tokens (    0.50 ms per token,  2008.49 tokens per second)","n_tokens_second":2008.4880923417943,"num_prompt_tokens_processed":743,"slot_id":0,"t_prompt_processing":369.93,"t_token":0.4978869448183042,"task_id":6084,"tid":"12622976","timestamp":1717616439}
{"function":"print_timings","level":"INFO","line":324,"msg":"generation eval time =     649.83 ms /    88 runs   (    7.38 ms per token,   135.42 tokens per second)","n_decoded":88,"n_tokens_second":135.42065811362102,"slot_id":0,"t_token":7.384397727272727,"t_token_generation":649.827,"task_id":6084,"tid":"12622976","timestamp":1717616439}
{"function":"print_timings","level":"INFO","line":334,"msg":"          total time =    1019.76 ms","slot_id":0,"t_prompt_processing":369.93,"t_token_generation":649.827,"t_total":1019.7570000000001,"task_id":6084,"tid":"12622976","timestamp":1717616439}
{"function":"update_slots","level":"INFO","line":1715,"msg":"slot released","n_cache_tokens":88,"n_ctx":4096,"n_past":830,"n_system_tokens":0,"slot_id":0,"task_id":6084,"tid":"12622976","timestamp":1717616439,"truncated":false}
{"function":"log_server_request","level":"INFO","line":2761,"method":"POST","msg":"request","params":{},"path":"/completion","remote_addr":"127.0.0.1","remote_port":53724,"status":200,"tid":"17594335996848","timestamp":1717616439}
{"function":"launch_slot_with_data","level":"INFO","line":876,"msg":"slot is processing task","slot_id":0,"task_id":6174,"tid":"12622976","timestamp":1717616440}
{"function":"update_slots","level":"INFO","line":1904,"msg":"kv cache rm [p0, end)","p0":0,"slot_id":0,"task_id":6174,"tid":"12622976","timestamp":1717616440}
{"function":"print_timings","level":"INFO","line":310,"msg":"prompt eval time     =     614.54 ms /   743 tokens (    0.83 ms per token,  1209.03 tokens per second)","n_tokens_second":1209.032432335678,"num_prompt_tokens_processed":743,"slot_id":0,"t_prompt_processing":614.541,"t_token":0.8271076716016151,"task_id":6174,"tid":"12622976","timestamp":1717616441}
{"function":"print_timings","level":"INFO","line":324,"msg":"generation eval time =     592.41 ms /    81 runs   (    7.31 ms per token,   136.73 tokens per second)","n_decoded":81,"n_tokens_second":136.73055303288623,"slot_id":0,"t_token":7.313654320987654,"t_token_generation":592.406,"task_id":6174,"tid":"12622976","timestamp":1717616441}
{"function":"print_timings","level":"INFO","line":334,"msg":"          total time =    1206.95 ms","slot_id":0,"t_prompt_processing":614.541,"t_token_generation":592.406,"t_total":1206.9470000000001,"task_id":6174,"tid":"12622976","timestamp":1717616441}
{"function":"update_slots","level":"INFO","line":1715,"msg":"slot released","n_cache_tokens":81,"n_ctx":4096,"n_past":823,"n_system_tokens":0,"slot_id":0,"task_id":6174,"tid":"12622976","timestamp":1717616441,"truncated":false}
{"function":"log_server_request","level":"INFO","line":2761,"method":"POST","msg":"request","params":{},"path":"/completion","remote_addr":"127.0.0.1","remote_port":53734,"status":200,"tid":"17594336002512","timestamp":1717616441}
{"function":"launch_slot_with_data","level":"INFO","line":876,"msg":"slot is processing task","slot_id":0,"task_id":6257,"tid":"12622976","timestamp":1717616441}
{"function":"update_slots","level":"INFO","line":1904,"msg":"kv cache rm [p0, end)","p0":0,"slot_id":0,"task_id":6257,"tid":"12622976","timestamp":1717616441}
{"function":"print_timings","level":"INFO","line":310,"msg":"prompt eval time     =     377.87 ms /   743 tokens (    0.51 ms per token,  1966.30 tokens per second)","n_tokens_second":1966.295108344713,"num_prompt_tokens_processed":743,"slot_id":0,"t_prompt_processing":377.868,"t_token":0.5085706594885598,"task_id":6257,"tid":"12622976","timestamp":1717616442}
{"function":"print_timings","level":"INFO","line":324,"msg":"generation eval time =     757.13 ms /   103 runs   (    7.35 ms per token,   136.04 tokens per second)","n_decoded":103,"n_tokens_second":136.04076468117594,"slot_id":0,"t_token":7.3507378640776695,"t_token_generation":757.126,"task_id":6257,"tid":"12622976","timestamp":1717616442}
{"function":"print_timings","level":"INFO","line":334,"msg":"          total time =    1134.99 ms","slot_id":0,"t_prompt_processing":377.868,"t_token_generation":757.126,"t_total":1134.994,"task_id":6257,"tid":"12622976","timestamp":1717616442}
{"function":"update_slots","level":"INFO","line":1715,"msg":"slot released","n_cache_tokens":103,"n_ctx":4096,"n_past":845,"n_system_tokens":0,"slot_id":0,"task_id":6257,"tid":"12622976","timestamp":1717616442,"truncated":false}
{"function":"log_server_request","level":"INFO","line":2761,"method":"POST","msg":"request","params":{},"path":"/completion","remote_addr":"127.0.0.1","remote_port":53740,"status":200,"tid":"17594336013888","timestamp":1717616442}
{"function":"launch_slot_with_data","level":"INFO","line":876,"msg":"slot is processing task","slot_id":0,"task_id":6362,"tid":"12622976","timestamp":1717616442}
{"function":"update_slots","level":"INFO","line":1904,"msg":"kv cache rm [p0, end)","p0":0,"slot_id":0,"task_id":6362,"tid":"12622976","timestamp":1717616442}
{"function":"print_timings","level":"INFO","line":310,"msg":"prompt eval time     =     369.92 ms /   743 tokens (    0.50 ms per token,  2008.54 tokens per second)","n_tokens_second":2008.5369578910093,"num_prompt_tokens_processed":743,"slot_id":0,"t_prompt_processing":369.921,"t_token":0.49787483176312247,"task_id":6362,"tid":"12622976","timestamp":1717616443}
{"function":"print_timings","level":"INFO","line":324,"msg":"generation eval time =     554.77 ms /    76 runs   (    7.30 ms per token,   136.99 tokens per second)","n_decoded":76,"n_tokens_second":136.99395604296564,"slot_id":0,"t_token":7.299592105263158,"t_token_generation":554.769,"task_id":6362,"tid":"12622976","timestamp":1717616443}
{"function":"print_timings","level":"INFO","line":334,"msg":"          total time =     924.69 ms","slot_id":0,"t_prompt_processing":369.921,"t_token_generation":554.769,"t_total":924.69,"task_id":6362,"tid":"12622976","timestamp":1717616443}
{"function":"update_slots","level":"INFO","line":1715,"msg":"slot released","n_cache_tokens":76,"n_ctx":4096,"n_past":818,"n_system_tokens":0,"slot_id":0,"task_id":6362,"tid":"12622976","timestamp":1717616443,"truncated":false}
{"function":"log_server_request","level":"INFO","line":2761,"method":"POST","msg":"request","params":{},"path":"/completion","remote_addr":"127.0.0.1","remote_port":53756,"status":200,"tid":"17594336008224","timestamp":1717616443}
{"function":"launch_slot_with_data","level":"INFO","line":876,"msg":"slot is processing task","slot_id":0,"task_id":6440,"tid":"12622976","timestamp":1717616443}
{"function":"update_slots","level":"INFO","line":1904,"msg":"kv cache rm [p0, end)","p0":0,"slot_id":0,"task_id":6440,"tid":"12622976","timestamp":1717616443}
{"function":"print_timings","level":"INFO","line":310,"msg":"prompt eval time     =     610.94 ms /   743 tokens (    0.82 ms per token,  1216.16 tokens per second)","n_tokens_second":1216.164678191041,"num_prompt_tokens_processed":743,"slot_id":0,"t_prompt_processing":610.937,"t_token":0.8222570659488561,"task_id":6440,"tid":"12622976","timestamp":1717616445}
{"function":"print_timings","level":"INFO","line":324,"msg":"generation eval time =     523.84 ms /    72 runs   (    7.28 ms per token,   137.45 tokens per second)","n_decoded":72,"n_tokens_second":137.4470733318316,"slot_id":0,"t_token":7.275527777777778,"t_token_generation":523.838,"task_id":6440,"tid":"12622976","timestamp":1717616445}
{"function":"print_timings","level":"INFO","line":334,"msg":"          total time =    1134.78 ms","slot_id":0,"t_prompt_processing":610.937,"t_token_generation":523.838,"t_total":1134.775,"task_id":6440,"tid":"12622976","timestamp":1717616445}
{"function":"update_slots","level":"INFO","line":1715,"msg":"slot released","n_cache_tokens":72,"n_ctx":4096,"n_past":814,"n_system_tokens":0,"slot_id":0,"task_id":6440,"tid":"12622976","timestamp":1717616445,"truncated":false}
{"function":"log_server_request","level":"INFO","line":2761,"method":"POST","msg":"request","params":{},"path":"/completion","remote_addr":"127.0.0.1","remote_port":53766,"status":200,"tid":"17594336014272","timestamp":1717616445}
{"function":"launch_slot_with_data","level":"INFO","line":876,"msg":"slot is processing task","slot_id":0,"task_id":6514,"tid":"12622976","timestamp":1717616445}
{"function":"update_slots","level":"INFO","line":1904,"msg":"kv cache rm [p0, end)","p0":0,"slot_id":0,"task_id":6514,"tid":"12622976","timestamp":1717616445}
{"function":"print_timings","level":"INFO","line":310,"msg":"prompt eval time     =     370.71 ms /   743 tokens (    0.50 ms per token,  2004.27 tokens per second)","n_tokens_second":2004.2674982263716,"num_prompt_tokens_processed":743,"slot_id":0,"t_prompt_processing":370.709,"t_token":0.49893539703903095,"task_id":6514,"tid":"12622976","timestamp":1717616446}
{"function":"print_timings","level":"INFO","line":324,"msg":"generation eval time =     566.71 ms /    77 runs   (    7.36 ms per token,   135.87 tokens per second)","n_decoded":77,"n_tokens_second":135.8729217619012,"slot_id":0,"t_token":7.3598181818181825,"t_token_generation":566.706,"task_id":6514,"tid":"12622976","timestamp":1717616446}
{"function":"print_timings","level":"INFO","line":334,"msg":"          total time =     937.41 ms","slot_id":0,"t_prompt_processing":370.709,"t_token_generation":566.706,"t_total":937.415,"task_id":6514,"tid":"12622976","timestamp":1717616446}
{"function":"update_slots","level":"INFO","line":1715,"msg":"slot released","n_cache_tokens":77,"n_ctx":4096,"n_past":819,"n_system_tokens":0,"slot_id":0,"task_id":6514,"tid":"12622976","timestamp":1717616446,"truncated":false}
{"function":"log_server_request","level":"INFO","line":2761,"method":"POST","msg":"request","params":{},"path":"/completion","remote_addr":"127.0.0.1","remote_port":53782,"status":200,"tid":"17594336016736","timestamp":1717616446}
{"function":"launch_slot_with_data","level":"INFO","line":876,"msg":"slot is processing task","slot_id":0,"task_id":6593,"tid":"12622976","timestamp":1717616446}
{"function":"update_slots","level":"INFO","line":1904,"msg":"kv cache rm [p0, end)","p0":0,"slot_id":0,"task_id":6593,"tid":"12622976","timestamp":1717616446}
{"function":"print_timings","level":"INFO","line":310,"msg":"prompt eval time     =     534.96 ms /   743 tokens (    0.72 ms per token,  1388.88 tokens per second)","n_tokens_second":1388.878503974099,"num_prompt_tokens_processed":743,"slot_id":0,"t_prompt_processing":534.964,"t_token":0.7200053835800808,"task_id":6593,"tid":"12622976","timestamp":1717616459}
{"function":"print_timings","level":"INFO","line":324,"msg":"generation eval time =   12332.83 ms /  1536 runs   (    8.03 ms per token,   124.55 tokens per second)","n_decoded":1536,"n_tokens_second":124.54561324970723,"slot_id":0,"t_token":8.029186848958334,"t_token_generation":12332.831,"task_id":6593,"tid":"12622976","timestamp":1717616459}
{"function":"print_timings","level":"INFO","line":334,"msg":"          total time =   12867.80 ms","slot_id":0,"t_prompt_processing":534.964,"t_token_generation":12332.831,"t_total":12867.795,"task_id":6593,"tid":"12622976","timestamp":1717616459}
{"function":"update_slots","level":"INFO","line":1715,"msg":"slot released","n_cache_tokens":1536,"n_ctx":4096,"n_past":2278,"n_system_tokens":0,"slot_id":0,"task_id":6593,"tid":"12622976","timestamp":1717616459,"truncated":false}
{"function":"log_server_request","level":"INFO","line":2761,"method":"POST","msg":"request","params":{},"path":"/completion","remote_addr":"127.0.0.1","remote_port":53792,"status":200,"tid":"17594336018160","timestamp":1717616459}
{"function":"launch_slot_with_data","level":"INFO","line":876,"msg":"slot is processing task","slot_id":0,"task_id":8131,"tid":"12622976","timestamp":1717616459}
{"function":"update_slots","level":"INFO","line":1904,"msg":"kv cache rm [p0, end)","p0":0,"slot_id":0,"task_id":8131,"tid":"12622976","timestamp":1717616459}
{"function":"print_timings","level":"INFO","line":310,"msg":"prompt eval time     =     386.96 ms /   743 tokens (    0.52 ms per token,  1920.10 tokens per second)","n_tokens_second":1920.1000622805002,"num_prompt_tokens_processed":743,"slot_id":0,"t_prompt_processing":386.959,"t_token":0.5208061911170929,"task_id":8131,"tid":"12622976","timestamp":1717616460}
{"function":"print_timings","level":"INFO","line":324,"msg":"generation eval time =     555.18 ms /    76 runs   (    7.31 ms per token,   136.89 tokens per second)","n_decoded":76,"n_tokens_second":136.89179964083917,"slot_id":0,"t_token":7.305039473684211,"t_token_generation":555.183,"task_id":8131,"tid":"12622976","timestamp":1717616460}
{"function":"print_timings","level":"INFO","line":334,"msg":"          total time =     942.14 ms","slot_id":0,"t_prompt_processing":386.959,"t_token_generation":555.183,"t_total":942.142,"task_id":8131,"tid":"12622976","timestamp":1717616460}
{"function":"update_slots","level":"INFO","line":1715,"msg":"slot released","n_cache_tokens":76,"n_ctx":4096,"n_past":818,"n_system_tokens":0,"slot_id":0,"task_id":8131,"tid":"12622976","timestamp":1717616460,"truncated":false}
{"function":"log_server_request","level":"INFO","line":2761,"method":"POST","msg":"request","params":{},"path":"/completion","remote_addr":"127.0.0.1","remote_port":42000,"status":200,"tid":"17594341417792","timestamp":1717616460}
{"function":"launch_slot_with_data","level":"INFO","line":876,"msg":"slot is processing task","slot_id":0,"task_id":8209,"tid":"12622976","timestamp":1717616460}
{"function":"update_slots","level":"INFO","line":1904,"msg":"kv cache rm [p0, end)","p0":0,"slot_id":0,"task_id":8209,"tid":"12622976","timestamp":1717616460}
{"function":"print_timings","level":"INFO","line":310,"msg":"prompt eval time     =     612.21 ms /   743 tokens (    0.82 ms per token,  1213.64 tokens per second)","n_tokens_second":1213.637826297882,"num_prompt_tokens_processed":743,"slot_id":0,"t_prompt_processing":612.209,"t_token":0.8239690444145356,"task_id":8209,"tid":"12622976","timestamp":1717616461}
{"function":"print_timings","level":"INFO","line":324,"msg":"generation eval time =     742.35 ms /   101 runs   (    7.35 ms per token,   136.06 tokens per second)","n_decoded":101,"n_tokens_second":136.05533815139862,"slot_id":0,"t_token":7.349950495049505,"t_token_generation":742.345,"task_id":8209,"tid":"12622976","timestamp":1717616461}
{"function":"print_timings","level":"INFO","line":334,"msg":"          total time =    1354.55 ms","slot_id":0,"t_prompt_processing":612.209,"t_token_generation":742.345,"t_total":1354.554,"task_id":8209,"tid":"12622976","timestamp":1717616461}
{"function":"update_slots","level":"INFO","line":1715,"msg":"slot released","n_cache_tokens":101,"n_ctx":4096,"n_past":843,"n_system_tokens":0,"slot_id":0,"task_id":8209,"tid":"12622976","timestamp":1717616461,"truncated":false}
{"function":"log_server_request","level":"INFO","line":2761,"method":"POST","msg":"request","params":{},"path":"/completion","remote_addr":"127.0.0.1","remote_port":42012,"status":200,"tid":"17594341423456","timestamp":1717616461}
{"function":"launch_slot_with_data","level":"INFO","line":876,"msg":"slot is processing task","slot_id":0,"task_id":8312,"tid":"12622976","timestamp":1717616461}
{"function":"update_slots","level":"INFO","line":1904,"msg":"kv cache rm [p0, end)","p0":0,"slot_id":0,"task_id":8312,"tid":"12622976","timestamp":1717616461}
{"function":"print_timings","level":"INFO","line":310,"msg":"prompt eval time     =     383.60 ms /   743 tokens (    0.52 ms per token,  1936.90 tokens per second)","n_tokens_second":1936.8983037150385,"num_prompt_tokens_processed":743,"slot_id":0,"t_prompt_processing":383.603,"t_token":0.5162893674293405,"task_id":8312,"tid":"12622976","timestamp":1717616462}
{"function":"print_timings","level":"INFO","line":324,"msg":"generation eval time =     727.72 ms /    99 runs   (    7.35 ms per token,   136.04 tokens per second)","n_decoded":99,"n_tokens_second":136.04114763762485,"slot_id":0,"t_token":7.3507171717171715,"t_token_generation":727.721,"task_id":8312,"tid":"12622976","timestamp":1717616462}
{"function":"print_timings","level":"INFO","line":334,"msg":"          total time =    1111.32 ms","slot_id":0,"t_prompt_processing":383.603,"t_token_generation":727.721,"t_total":1111.324,"task_id":8312,"tid":"12622976","timestamp":1717616462}
{"function":"update_slots","level":"INFO","line":1715,"msg":"slot released","n_cache_tokens":99,"n_ctx":4096,"n_past":841,"n_system_tokens":0,"slot_id":0,"task_id":8312,"tid":"12622976","timestamp":1717616462,"truncated":false}
{"function":"log_server_request","level":"INFO","line":2761,"method":"POST","msg":"request","params":{},"path":"/completion","remote_addr":"127.0.0.1","remote_port":42026,"status":200,"tid":"17594341429120","timestamp":1717616462}
{"function":"launch_slot_with_data","level":"INFO","line":876,"msg":"slot is processing task","slot_id":0,"task_id":8413,"tid":"12622976","timestamp":1717616462}
{"function":"update_slots","level":"INFO","line":1904,"msg":"kv cache rm [p0, end)","p0":0,"slot_id":0,"task_id":8413,"tid":"12622976","timestamp":1717616462}
{"function":"print_timings","level":"INFO","line":310,"msg":"prompt eval time     =     387.41 ms /   743 tokens (    0.52 ms per token,  1917.85 tokens per second)","n_tokens_second":1917.8499430839954,"num_prompt_tokens_processed":743,"slot_id":0,"t_prompt_processing":387.413,"t_token":0.5214172274562584,"task_id":8413,"tid":"12622976","timestamp":1717616463}
{"function":"print_timings","level":"INFO","line":324,"msg":"generation eval time =     589.30 ms /    80 runs   (    7.37 ms per token,   135.75 tokens per second)","n_decoded":80,"n_tokens_second":135.75474547682157,"slot_id":0,"t_token":7.366225,"t_token_generation":589.298,"task_id":8413,"tid":"12622976","timestamp":1717616463}
{"function":"print_timings","level":"INFO","line":334,"msg":"          total time =     976.71 ms","slot_id":0,"t_prompt_processing":387.413,"t_token_generation":589.298,"t_total":976.711,"task_id":8413,"tid":"12622976","timestamp":1717616463}
{"function":"update_slots","level":"INFO","line":1715,"msg":"slot released","n_cache_tokens":80,"n_ctx":4096,"n_past":822,"n_system_tokens":0,"slot_id":0,"task_id":8413,"tid":"12622976","timestamp":1717616463,"truncated":false}
{"function":"log_server_request","level":"INFO","line":2761,"method":"POST","msg":"request","params":{},"path":"/completion","remote_addr":"127.0.0.1","remote_port":42034,"status":200,"tid":"17594341435312","timestamp":1717616463}
{"function":"launch_slot_with_data","level":"INFO","line":876,"msg":"slot is processing task","slot_id":0,"task_id":8495,"tid":"12622976","timestamp":1717616464}
{"function":"update_slots","level":"INFO","line":1904,"msg":"kv cache rm [p0, end)","p0":0,"slot_id":0,"task_id":8495,"tid":"12622976","timestamp":1717616464}
{"function":"print_timings","level":"INFO","line":310,"msg":"prompt eval time     =     464.02 ms /   743 tokens (    0.62 ms per token,  1601.23 tokens per second)","n_tokens_second":1601.2344375313837,"num_prompt_tokens_processed":743,"slot_id":0,"t_prompt_processing":464.017,"t_token":0.6245181695827725,"task_id":8495,"tid":"12622976","timestamp":1717616465}
{"function":"print_timings","level":"INFO","line":324,"msg":"generation eval time =     890.92 ms /   121 runs   (    7.36 ms per token,   135.81 tokens per second)","n_decoded":121,"n_tokens_second":135.81390128237507,"slot_id":0,"t_token":7.36301652892562,"t_token_generation":890.925,"task_id":8495,"tid":"12622976","timestamp":1717616465}
{"function":"print_timings","level":"INFO","line":334,"msg":"          total time =    1354.94 ms","slot_id":0,"t_prompt_processing":464.017,"t_token_generation":890.925,"t_total":1354.942,"task_id":8495,"tid":"12622976","timestamp":1717616465}
{"function":"update_slots","level":"INFO","line":1715,"msg":"slot released","n_cache_tokens":121,"n_ctx":4096,"n_past":863,"n_system_tokens":0,"slot_id":0,"task_id":8495,"tid":"12622976","timestamp":1717616465,"truncated":false}
{"function":"log_server_request","level":"INFO","line":2761,"method":"POST","msg":"request","params":{},"path":"/completion","remote_addr":"127.0.0.1","remote_port":42048,"status":200,"tid":"17594335962784","timestamp":1717616465}
{"function":"launch_slot_with_data","level":"INFO","line":876,"msg":"slot is processing task","slot_id":0,"task_id":8618,"tid":"12622976","timestamp":1717616465}
{"function":"update_slots","level":"INFO","line":1904,"msg":"kv cache rm [p0, end)","p0":0,"slot_id":0,"task_id":8618,"tid":"12622976","timestamp":1717616465}
{"function":"print_timings","level":"INFO","line":310,"msg":"prompt eval time     =     370.50 ms /   743 tokens (    0.50 ms per token,  2005.38 tokens per second)","n_tokens_second":2005.3764601731693,"num_prompt_tokens_processed":743,"slot_id":0,"t_prompt_processing":370.504,"t_token":0.49865948855989234,"task_id":8618,"tid":"12622976","timestamp":1717616466}
{"function":"print_timings","level":"INFO","line":324,"msg":"generation eval time =     740.04 ms /   100 runs   (    7.40 ms per token,   135.13 tokens per second)","n_decoded":100,"n_tokens_second":135.12819611965872,"slot_id":0,"t_token":7.40038,"t_token_generation":740.038,"task_id":8618,"tid":"12622976","timestamp":1717616466}
{"function":"print_timings","level":"INFO","line":334,"msg":"          total time =    1110.54 ms","slot_id":0,"t_prompt_processing":370.504,"t_token_generation":740.038,"t_total":1110.542,"task_id":8618,"tid":"12622976","timestamp":1717616466}
{"function":"update_slots","level":"INFO","line":1715,"msg":"slot released","n_cache_tokens":100,"n_ctx":4096,"n_past":842,"n_system_tokens":0,"slot_id":0,"task_id":8618,"tid":"12622976","timestamp":1717616466,"truncated":false}
{"function":"log_server_request","level":"INFO","line":2761,"method":"POST","msg":"request","params":{},"path":"/completion","remote_addr":"127.0.0.1","remote_port":42064,"status":200,"tid":"17594341446576","timestamp":1717616466}
{"function":"launch_slot_with_data","level":"INFO","line":876,"msg":"slot is processing task","slot_id":0,"task_id":8720,"tid":"12622976","timestamp":1717616466}
{"function":"update_slots","level":"INFO","line":1904,"msg":"kv cache rm [p0, end)","p0":0,"slot_id":0,"task_id":8720,"tid":"12622976","timestamp":1717616466}
{"function":"print_timings","level":"INFO","line":310,"msg":"prompt eval time     =     388.33 ms /   743 tokens (    0.52 ms per token,  1913.32 tokens per second)","n_tokens_second":1913.3211443875055,"num_prompt_tokens_processed":743,"slot_id":0,"t_prompt_processing":388.33,"t_token":0.5226514131897712,"task_id":8720,"tid":"12622976","timestamp":1717616468}
{"function":"print_timings","level":"INFO","line":324,"msg":"generation eval time =     660.36 ms /    90 runs   (    7.34 ms per token,   136.29 tokens per second)","n_decoded":90,"n_tokens_second":136.28970952119911,"slot_id":0,"t_token":7.33731111111111,"t_token_generation":660.358,"task_id":8720,"tid":"12622976","timestamp":1717616468}
{"function":"print_timings","level":"INFO","line":334,"msg":"          total time =    1048.69 ms","slot_id":0,"t_prompt_processing":388.33,"t_token_generation":660.358,"t_total":1048.6879999999999,"task_id":8720,"tid":"12622976","timestamp":1717616468}
{"function":"update_slots","level":"INFO","line":1715,"msg":"slot released","n_cache_tokens":90,"n_ctx":4096,"n_past":832,"n_system_tokens":0,"slot_id":0,"task_id":8720,"tid":"12622976","timestamp":1717616468,"truncated":false}
{"function":"log_server_request","level":"INFO","line":2761,"method":"POST","msg":"request","params":{},"path":"/completion","remote_addr":"127.0.0.1","remote_port":42072,"status":200,"tid":"17594341452336","timestamp":1717616468}
{"function":"launch_slot_with_data","level":"INFO","line":876,"msg":"slot is processing task","slot_id":0,"task_id":8812,"tid":"12622976","timestamp":1717616468}
{"function":"update_slots","level":"INFO","line":1904,"msg":"kv cache rm [p0, end)","p0":0,"slot_id":0,"task_id":8812,"tid":"12622976","timestamp":1717616468}
{"function":"print_timings","level":"INFO","line":310,"msg":"prompt eval time     =     613.18 ms /   743 tokens (    0.83 ms per token,  1211.71 tokens per second)","n_tokens_second":1211.7120202484743,"num_prompt_tokens_processed":743,"slot_id":0,"t_prompt_processing":613.182,"t_token":0.825278600269179,"task_id":8812,"tid":"12622976","timestamp":1717616469}
{"function":"print_timings","level":"INFO","line":324,"msg":"generation eval time =     525.17 ms /    72 runs   (    7.29 ms per token,   137.10 tokens per second)","n_decoded":72,"n_tokens_second":137.09741914108469,"slot_id":0,"t_token":7.294083333333333,"t_token_generation":525.174,"task_id":8812,"tid":"12622976","timestamp":1717616469}
{"function":"print_timings","level":"INFO","line":334,"msg":"          total time =    1138.36 ms","slot_id":0,"t_prompt_processing":613.182,"t_token_generation":525.174,"t_total":1138.356,"task_id":8812,"tid":"12622976","timestamp":1717616469}
{"function":"update_slots","level":"INFO","line":1715,"msg":"slot released","n_cache_tokens":72,"n_ctx":4096,"n_past":814,"n_system_tokens":0,"slot_id":0,"task_id":8812,"tid":"12622976","timestamp":1717616469,"truncated":false}
{"function":"log_server_request","level":"INFO","line":2761,"method":"POST","msg":"request","params":{},"path":"/completion","remote_addr":"127.0.0.1","remote_port":44186,"status":200,"tid":"17594341458096","timestamp":1717616469}
{"function":"launch_slot_with_data","level":"INFO","line":876,"msg":"slot is processing task","slot_id":0,"task_id":8886,"tid":"12622976","timestamp":1717616469}
{"function":"update_slots","level":"INFO","line":1904,"msg":"kv cache rm [p0, end)","p0":0,"slot_id":0,"task_id":8886,"tid":"12622976","timestamp":1717616469}
{"function":"print_timings","level":"INFO","line":310,"msg":"prompt eval time     =     370.44 ms /   743 tokens (    0.50 ms per token,  2005.70 tokens per second)","n_tokens_second":2005.7012665882023,"num_prompt_tokens_processed":743,"slot_id":0,"t_prompt_processing":370.444,"t_token":0.49857873485868104,"task_id":8886,"tid":"12622976","timestamp":1717616470}
{"function":"print_timings","level":"INFO","line":324,"msg":"generation eval time =     646.38 ms /    88 runs   (    7.35 ms per token,   136.14 tokens per second)","n_decoded":88,"n_tokens_second":136.14366870057057,"slot_id":0,"t_token":7.345181818181818,"t_token_generation":646.376,"task_id":8886,"tid":"12622976","timestamp":1717616470}
{"function":"print_timings","level":"INFO","line":334,"msg":"          total time =    1016.82 ms","slot_id":0,"t_prompt_processing":370.444,"t_token_generation":646.376,"t_total":1016.8199999999999,"task_id":8886,"tid":"12622976","timestamp":1717616470}
{"function":"update_slots","level":"INFO","line":1715,"msg":"slot released","n_cache_tokens":88,"n_ctx":4096,"n_past":830,"n_system_tokens":0,"slot_id":0,"task_id":8886,"tid":"12622976","timestamp":1717616470,"truncated":false}
{"function":"log_server_request","level":"INFO","line":2761,"method":"POST","msg":"request","params":{},"path":"/completion","remote_addr":"127.0.0.1","remote_port":44198,"status":200,"tid":"17594341463856","timestamp":1717616470}
{"function":"launch_slot_with_data","level":"INFO","line":876,"msg":"slot is processing task","slot_id":0,"task_id":8976,"tid":"12622976","timestamp":1717616470}
{"function":"update_slots","level":"INFO","line":1904,"msg":"kv cache rm [p0, end)","p0":0,"slot_id":0,"task_id":8976,"tid":"12622976","timestamp":1717616470}
{"function":"print_timings","level":"INFO","line":310,"msg":"prompt eval time     =     384.87 ms /   743 tokens (    0.52 ms per token,  1930.51 tokens per second)","n_tokens_second":1930.511962418674,"num_prompt_tokens_processed":743,"slot_id":0,"t_prompt_processing":384.872,"t_token":0.5179973082099596,"task_id":8976,"tid":"12622976","timestamp":1717616471}
{"function":"print_timings","level":"INFO","line":324,"msg":"generation eval time =     720.53 ms /    98 runs   (    7.35 ms per token,   136.01 tokens per second)","n_decoded":98,"n_tokens_second":136.01023685211246,"slot_id":0,"t_token":7.352387755102041,"t_token_generation":720.534,"task_id":8976,"tid":"12622976","timestamp":1717616471}
{"function":"print_timings","level":"INFO","line":334,"msg":"          total time =    1105.41 ms","slot_id":0,"t_prompt_processing":384.872,"t_token_generation":720.534,"t_total":1105.406,"task_id":8976,"tid":"12622976","timestamp":1717616471}
{"function":"update_slots","level":"INFO","line":1715,"msg":"slot released","n_cache_tokens":98,"n_ctx":4096,"n_past":840,"n_system_tokens":0,"slot_id":0,"task_id":8976,"tid":"12622976","timestamp":1717616471,"truncated":false}
{"function":"log_server_request","level":"INFO","line":2761,"method":"POST","msg":"request","params":{},"path":"/completion","remote_addr":"127.0.0.1","remote_port":44202,"status":200,"tid":"17594341469616","timestamp":1717616471}
{"function":"launch_slot_with_data","level":"INFO","line":876,"msg":"slot is processing task","slot_id":0,"task_id":9076,"tid":"12622976","timestamp":1717616471}
{"function":"update_slots","level":"INFO","line":1904,"msg":"kv cache rm [p0, end)","p0":0,"slot_id":0,"task_id":9076,"tid":"12622976","timestamp":1717616471}
{"function":"print_timings","level":"INFO","line":310,"msg":"prompt eval time     =     612.28 ms /   743 tokens (    0.82 ms per token,  1213.50 tokens per second)","n_tokens_second":1213.499074768202,"num_prompt_tokens_processed":743,"slot_id":0,"t_prompt_processing":612.279,"t_token":0.8240632570659489,"task_id":9076,"tid":"12622976","timestamp":1717616472}
{"function":"print_timings","level":"INFO","line":324,"msg":"generation eval time =     554.58 ms /    76 runs   (    7.30 ms per token,   137.04 tokens per second)","n_decoded":76,"n_tokens_second":137.04138469500177,"slot_id":0,"t_token":7.297065789473685,"t_token_generation":554.577,"task_id":9076,"tid":"12622976","timestamp":1717616472}
{"function":"print_timings","level":"INFO","line":334,"msg":"          total time =    1166.86 ms","slot_id":0,"t_prompt_processing":612.279,"t_token_generation":554.577,"t_total":1166.856,"task_id":9076,"tid":"12622976","timestamp":1717616472}
{"function":"update_slots","level":"INFO","line":1715,"msg":"slot released","n_cache_tokens":76,"n_ctx":4096,"n_past":818,"n_system_tokens":0,"slot_id":0,"task_id":9076,"tid":"12622976","timestamp":1717616472,"truncated":false}
{"function":"log_server_request","level":"INFO","line":2761,"method":"POST","msg":"request","params":{},"path":"/completion","remote_addr":"127.0.0.1","remote_port":44208,"status":200,"tid":"17594341475376","timestamp":1717616472}
{"function":"launch_slot_with_data","level":"INFO","line":876,"msg":"slot is processing task","slot_id":0,"task_id":9154,"tid":"12622976","timestamp":1717616472}
{"function":"update_slots","level":"INFO","line":1904,"msg":"kv cache rm [p0, end)","p0":0,"slot_id":0,"task_id":9154,"tid":"12622976","timestamp":1717616472}
{"function":"print_timings","level":"INFO","line":310,"msg":"prompt eval time     =     387.51 ms /   743 tokens (    0.52 ms per token,  1917.38 tokens per second)","n_tokens_second":1917.3797702240988,"num_prompt_tokens_processed":743,"slot_id":0,"t_prompt_processing":387.508,"t_token":0.5215450874831763,"task_id":9154,"tid":"12622976","timestamp":1717616473}
{"function":"print_timings","level":"INFO","line":324,"msg":"generation eval time =     605.21 ms /    82 runs   (    7.38 ms per token,   135.49 tokens per second)","n_decoded":82,"n_tokens_second":135.4912798142778,"slot_id":0,"t_token":7.380548780487805,"t_token_generation":605.205,"task_id":9154,"tid":"12622976","timestamp":1717616473}
{"function":"print_timings","level":"INFO","line":334,"msg":"          total time =     992.71 ms","slot_id":0,"t_prompt_processing":387.508,"t_token_generation":605.205,"t_total":992.713,"task_id":9154,"tid":"12622976","timestamp":1717616473}
{"function":"update_slots","level":"INFO","line":1715,"msg":"slot released","n_cache_tokens":82,"n_ctx":4096,"n_past":824,"n_system_tokens":0,"slot_id":0,"task_id":9154,"tid":"12622976","timestamp":1717616473,"truncated":false}
{"function":"log_server_request","level":"INFO","line":2761,"method":"POST","msg":"request","params":{},"path":"/completion","remote_addr":"127.0.0.1","remote_port":44214,"status":200,"tid":"17594341481136","timestamp":1717616473}
{"function":"launch_slot_with_data","level":"INFO","line":876,"msg":"slot is processing task","slot_id":0,"task_id":9238,"tid":"12622976","timestamp":1717616474}
{"function":"update_slots","level":"INFO","line":1904,"msg":"kv cache rm [p0, end)","p0":0,"slot_id":0,"task_id":9238,"tid":"12622976","timestamp":1717616474}
{"function":"print_timings","level":"INFO","line":310,"msg":"prompt eval time     =     389.67 ms /   743 tokens (    0.52 ms per token,  1906.77 tokens per second)","n_tokens_second":1906.766068289428,"num_prompt_tokens_processed":743,"slot_id":0,"t_prompt_processing":389.665,"t_token":0.5244481830417228,"task_id":9238,"tid":"12622976","timestamp":1717616475}
{"function":"print_timings","level":"INFO","line":324,"msg":"generation eval time =     623.10 ms /    85 runs   (    7.33 ms per token,   136.41 tokens per second)","n_decoded":85,"n_tokens_second":136.41382497945767,"slot_id":0,"t_token":7.330635294117648,"t_token_generation":623.104,"task_id":9238,"tid":"12622976","timestamp":1717616475}
{"function":"print_timings","level":"INFO","line":334,"msg":"          total time =    1012.77 ms","slot_id":0,"t_prompt_processing":389.665,"t_token_generation":623.104,"t_total":1012.769,"task_id":9238,"tid":"12622976","timestamp":1717616475}
{"function":"update_slots","level":"INFO","line":1715,"msg":"slot released","n_cache_tokens":85,"n_ctx":4096,"n_past":827,"n_system_tokens":0,"slot_id":0,"task_id":9238,"tid":"12622976","timestamp":1717616475,"truncated":false}
{"function":"log_server_request","level":"INFO","line":2761,"method":"POST","msg":"request","params":{},"path":"/completion","remote_addr":"127.0.0.1","remote_port":44228,"status":200,"tid":"17594341486896","timestamp":1717616475}
{"function":"launch_slot_with_data","level":"INFO","line":876,"msg":"slot is processing task","slot_id":0,"task_id":9325,"tid":"12622976","timestamp":1717616475}
{"function":"update_slots","level":"INFO","line":1904,"msg":"kv cache rm [p0, end)","p0":0,"slot_id":0,"task_id":9325,"tid":"12622976","timestamp":1717616475}
{"function":"print_timings","level":"INFO","line":310,"msg":"prompt eval time     =     368.69 ms /   743 tokens (    0.50 ms per token,  2015.23 tokens per second)","n_tokens_second":2015.2267604755177,"num_prompt_tokens_processed":743,"slot_id":0,"t_prompt_processing":368.693,"t_token":0.49622207267833107,"task_id":9325,"tid":"12622976","timestamp":1717616476}
{"function":"print_timings","level":"INFO","line":324,"msg":"generation eval time =     734.99 ms /   100 runs   (    7.35 ms per token,   136.06 tokens per second)","n_decoded":100,"n_tokens_second":136.05627287446086,"slot_id":0,"t_token":7.3499,"t_token_generation":734.99,"task_id":9325,"tid":"12622976","timestamp":1717616476}
{"function":"print_timings","level":"INFO","line":334,"msg":"          total time =    1103.68 ms","slot_id":0,"t_prompt_processing":368.693,"t_token_generation":734.99,"t_total":1103.683,"task_id":9325,"tid":"12622976","timestamp":1717616476}
{"function":"update_slots","level":"INFO","line":1715,"msg":"slot released","n_cache_tokens":100,"n_ctx":4096,"n_past":842,"n_system_tokens":0,"slot_id":0,"task_id":9325,"tid":"12622976","timestamp":1717616476,"truncated":false}
{"function":"log_server_request","level":"INFO","line":2761,"method":"POST","msg":"request","params":{},"path":"/completion","remote_addr":"127.0.0.1","remote_port":44238,"status":200,"tid":"17594341492656","timestamp":1717616476}
{"function":"launch_slot_with_data","level":"INFO","line":876,"msg":"slot is processing task","slot_id":0,"task_id":9427,"tid":"12622976","timestamp":1717616476}
{"function":"update_slots","level":"INFO","line":1904,"msg":"kv cache rm [p0, end)","p0":0,"slot_id":0,"task_id":9427,"tid":"12622976","timestamp":1717616476}
{"function":"print_timings","level":"INFO","line":310,"msg":"prompt eval time     =     491.83 ms /   743 tokens (    0.66 ms per token,  1510.68 tokens per second)","n_tokens_second":1510.6845861374868,"num_prompt_tokens_processed":743,"slot_id":0,"t_prompt_processing":491.83,"t_token":0.6619515477792732,"task_id":9427,"tid":"12622976","timestamp":1717616477}
{"function":"print_timings","level":"INFO","line":324,"msg":"generation eval time =     755.46 ms /   102 runs   (    7.41 ms per token,   135.02 tokens per second)","n_decoded":102,"n_tokens_second":135.0177905794646,"slot_id":0,"t_token":7.40643137254902,"t_token_generation":755.456,"task_id":9427,"tid":"12622976","timestamp":1717616477}
{"function":"print_timings","level":"INFO","line":334,"msg":"          total time =    1247.29 ms","slot_id":0,"t_prompt_processing":491.83,"t_token_generation":755.456,"t_total":1247.286,"task_id":9427,"tid":"12622976","timestamp":1717616477}
{"function":"update_slots","level":"INFO","line":1715,"msg":"slot released","n_cache_tokens":102,"n_ctx":4096,"n_past":844,"n_system_tokens":0,"slot_id":0,"task_id":9427,"tid":"12622976","timestamp":1717616477,"truncated":false}
{"function":"log_server_request","level":"INFO","line":2761,"method":"POST","msg":"request","params":{},"path":"/completion","remote_addr":"127.0.0.1","remote_port":44254,"status":200,"tid":"17594341498416","timestamp":1717616477}
{"function":"launch_slot_with_data","level":"INFO","line":876,"msg":"slot is processing task","slot_id":0,"task_id":9531,"tid":"12622976","timestamp":1717616477}
{"function":"update_slots","level":"INFO","line":1904,"msg":"kv cache rm [p0, end)","p0":0,"slot_id":0,"task_id":9531,"tid":"12622976","timestamp":1717616477}
{"function":"print_timings","level":"INFO","line":310,"msg":"prompt eval time     =     613.45 ms /   743 tokens (    0.83 ms per token,  1211.19 tokens per second)","n_tokens_second":1211.1905530397132,"num_prompt_tokens_processed":743,"slot_id":0,"t_prompt_processing":613.446,"t_token":0.8256339165545088,"task_id":9531,"tid":"12622976","timestamp":1717616478}
{"function":"print_timings","level":"INFO","line":324,"msg":"generation eval time =     368.33 ms /    51 runs   (    7.22 ms per token,   138.46 tokens per second)","n_decoded":51,"n_tokens_second":138.46203968159162,"slot_id":0,"t_token":7.222196078431373,"t_token_generation":368.332,"task_id":9531,"tid":"12622976","timestamp":1717616478}
{"function":"print_timings","level":"INFO","line":334,"msg":"          total time =     981.78 ms","slot_id":0,"t_prompt_processing":613.446,"t_token_generation":368.332,"t_total":981.778,"task_id":9531,"tid":"12622976","timestamp":1717616478}
{"function":"update_slots","level":"INFO","line":1715,"msg":"slot released","n_cache_tokens":51,"n_ctx":4096,"n_past":793,"n_system_tokens":0,"slot_id":0,"task_id":9531,"tid":"12622976","timestamp":1717616478,"truncated":false}
{"function":"log_server_request","level":"INFO","line":2761,"method":"POST","msg":"request","params":{},"path":"/completion","remote_addr":"127.0.0.1","remote_port":53912,"status":200,"tid":"17594341504176","timestamp":1717616478}
{"function":"launch_slot_with_data","level":"INFO","line":876,"msg":"slot is processing task","slot_id":0,"task_id":9584,"tid":"12622976","timestamp":1717616478}
{"function":"update_slots","level":"INFO","line":1904,"msg":"kv cache rm [p0, end)","p0":0,"slot_id":0,"task_id":9584,"tid":"12622976","timestamp":1717616478}
{"function":"print_timings","level":"INFO","line":310,"msg":"prompt eval time     =     370.71 ms /   743 tokens (    0.50 ms per token,  2004.26 tokens per second)","n_tokens_second":2004.2620916619462,"num_prompt_tokens_processed":743,"slot_id":0,"t_prompt_processing":370.71,"t_token":0.4989367429340511,"task_id":9584,"tid":"12622976","timestamp":1717616479}
{"function":"print_timings","level":"INFO","line":324,"msg":"generation eval time =     658.24 ms /    89 runs   (    7.40 ms per token,   135.21 tokens per second)","n_decoded":89,"n_tokens_second":135.2090422946038,"slot_id":0,"t_token":7.395955056179775,"t_token_generation":658.24,"task_id":9584,"tid":"12622976","timestamp":1717616479}
{"function":"print_timings","level":"INFO","line":334,"msg":"          total time =    1028.95 ms","slot_id":0,"t_prompt_processing":370.71,"t_token_generation":658.24,"t_total":1028.95,"task_id":9584,"tid":"12622976","timestamp":1717616479}
{"function":"update_slots","level":"INFO","line":1715,"msg":"slot released","n_cache_tokens":89,"n_ctx":4096,"n_past":831,"n_system_tokens":0,"slot_id":0,"task_id":9584,"tid":"12622976","timestamp":1717616479,"truncated":false}
{"function":"log_server_request","level":"INFO","line":2761,"method":"POST","msg":"request","params":{},"path":"/completion","remote_addr":"127.0.0.1","remote_port":53926,"status":200,"tid":"17594341509936","timestamp":1717616479}
{"function":"launch_slot_with_data","level":"INFO","line":876,"msg":"slot is processing task","slot_id":0,"task_id":9675,"tid":"12622976","timestamp":1717616479}
{"function":"update_slots","level":"INFO","line":1904,"msg":"kv cache rm [p0, end)","p0":0,"slot_id":0,"task_id":9675,"tid":"12622976","timestamp":1717616479}
{"function":"print_timings","level":"INFO","line":310,"msg":"prompt eval time     =     370.34 ms /   743 tokens (    0.50 ms per token,  2006.27 tokens per second)","n_tokens_second":2006.269931063161,"num_prompt_tokens_processed":743,"slot_id":0,"t_prompt_processing":370.339,"t_token":0.49843741588156126,"task_id":9675,"tid":"12622976","timestamp":1717616480}
{"function":"print_timings","level":"INFO","line":324,"msg":"generation eval time =     824.04 ms /   112 runs   (    7.36 ms per token,   135.92 tokens per second)","n_decoded":112,"n_tokens_second":135.91556730793735,"slot_id":0,"t_token":7.357508928571429,"t_token_generation":824.041,"task_id":9675,"tid":"12622976","timestamp":1717616480}
{"function":"print_timings","level":"INFO","line":334,"msg":"          total time =    1194.38 ms","slot_id":0,"t_prompt_processing":370.339,"t_token_generation":824.041,"t_total":1194.38,"task_id":9675,"tid":"12622976","timestamp":1717616480}
{"function":"update_slots","level":"INFO","line":1715,"msg":"slot released","n_cache_tokens":112,"n_ctx":4096,"n_past":854,"n_system_tokens":0,"slot_id":0,"task_id":9675,"tid":"12622976","timestamp":1717616480,"truncated":false}
{"function":"log_server_request","level":"INFO","line":2761,"method":"POST","msg":"request","params":{},"path":"/completion","remote_addr":"127.0.0.1","remote_port":53928,"status":200,"tid":"17594334288704","timestamp":1717616480}
{"function":"launch_slot_with_data","level":"INFO","line":876,"msg":"slot is processing task","slot_id":0,"task_id":9789,"tid":"12622976","timestamp":1717616480}
{"function":"update_slots","level":"INFO","line":1904,"msg":"kv cache rm [p0, end)","p0":0,"slot_id":0,"task_id":9789,"tid":"12622976","timestamp":1717616480}
{"function":"print_timings","level":"INFO","line":310,"msg":"prompt eval time     =     381.15 ms /   743 tokens (    0.51 ms per token,  1949.34 tokens per second)","n_tokens_second":1949.3433100531545,"num_prompt_tokens_processed":743,"slot_id":0,"t_prompt_processing":381.154,"t_token":0.5129932705248991,"task_id":9789,"tid":"12622976","timestamp":1717616481}
{"function":"print_timings","level":"INFO","line":324,"msg":"generation eval time =     672.75 ms /    91 runs   (    7.39 ms per token,   135.27 tokens per second)","n_decoded":91,"n_tokens_second":135.26529835660097,"slot_id":0,"t_token":7.392879120879121,"t_token_generation":672.752,"task_id":9789,"tid":"12622976","timestamp":1717616481}
{"function":"print_timings","level":"INFO","line":334,"msg":"          total time =    1053.91 ms","slot_id":0,"t_prompt_processing":381.154,"t_token_generation":672.752,"t_total":1053.906,"task_id":9789,"tid":"12622976","timestamp":1717616481}
{"function":"update_slots","level":"INFO","line":1715,"msg":"slot released","n_cache_tokens":91,"n_ctx":4096,"n_past":833,"n_system_tokens":0,"slot_id":0,"task_id":9789,"tid":"12622976","timestamp":1717616481,"truncated":false}
{"function":"log_server_request","level":"INFO","line":2761,"method":"POST","msg":"request","params":{},"path":"/completion","remote_addr":"127.0.0.1","remote_port":53934,"status":200,"tid":"17594341515696","timestamp":1717616481}
{"function":"launch_slot_with_data","level":"INFO","line":876,"msg":"slot is processing task","slot_id":0,"task_id":9882,"tid":"12622976","timestamp":1717616482}
{"function":"update_slots","level":"INFO","line":1904,"msg":"kv cache rm [p0, end)","p0":0,"slot_id":0,"task_id":9882,"tid":"12622976","timestamp":1717616482}
{"function":"print_timings","level":"INFO","line":310,"msg":"prompt eval time     =     387.81 ms /   743 tokens (    0.52 ms per token,  1915.90 tokens per second)","n_tokens_second":1915.896526116016,"num_prompt_tokens_processed":743,"slot_id":0,"t_prompt_processing":387.808,"t_token":0.5219488559892328,"task_id":9882,"tid":"12622976","timestamp":1717616483}
{"function":"print_timings","level":"INFO","line":324,"msg":"generation eval time =     643.09 ms /    87 runs   (    7.39 ms per token,   135.29 tokens per second)","n_decoded":87,"n_tokens_second":135.28517181216822,"slot_id":0,"t_token":7.3917931034482764,"t_token_generation":643.086,"task_id":9882,"tid":"12622976","timestamp":1717616483}
{"function":"print_timings","level":"INFO","line":334,"msg":"          total time =    1030.89 ms","slot_id":0,"t_prompt_processing":387.808,"t_token_generation":643.086,"t_total":1030.894,"task_id":9882,"tid":"12622976","timestamp":1717616483}
{"function":"update_slots","level":"INFO","line":1715,"msg":"slot released","n_cache_tokens":87,"n_ctx":4096,"n_past":829,"n_system_tokens":0,"slot_id":0,"task_id":9882,"tid":"12622976","timestamp":1717616483,"truncated":false}
{"function":"log_server_request","level":"INFO","line":2761,"method":"POST","msg":"request","params":{},"path":"/completion","remote_addr":"127.0.0.1","remote_port":53936,"status":200,"tid":"17594334288192","timestamp":1717616483}
{"function":"launch_slot_with_data","level":"INFO","line":876,"msg":"slot is processing task","slot_id":0,"task_id":9971,"tid":"12622976","timestamp":1717616483}
{"function":"update_slots","level":"INFO","line":1904,"msg":"kv cache rm [p0, end)","p0":0,"slot_id":0,"task_id":9971,"tid":"12622976","timestamp":1717616483}
{"function":"print_timings","level":"INFO","line":310,"msg":"prompt eval time     =     377.75 ms /   743 tokens (    0.51 ms per token,  1966.89 tokens per second)","n_tokens_second":1966.8885041587912,"num_prompt_tokens_processed":743,"slot_id":0,"t_prompt_processing":377.754,"t_token":0.5084172274562584,"task_id":9971,"tid":"12622976","timestamp":1717616484}
{"function":"print_timings","level":"INFO","line":324,"msg":"generation eval time =     690.23 ms /    94 runs   (    7.34 ms per token,   136.19 tokens per second)","n_decoded":94,"n_tokens_second":136.1860939510194,"slot_id":0,"t_token":7.342893617021276,"t_token_generation":690.232,"task_id":9971,"tid":"12622976","timestamp":1717616484}
{"function":"print_timings","level":"INFO","line":334,"msg":"          total time =    1067.99 ms","slot_id":0,"t_prompt_processing":377.754,"t_token_generation":690.232,"t_total":1067.9859999999999,"task_id":9971,"tid":"12622976","timestamp":1717616484}
{"function":"update_slots","level":"INFO","line":1715,"msg":"slot released","n_cache_tokens":94,"n_ctx":4096,"n_past":836,"n_system_tokens":0,"slot_id":0,"task_id":9971,"tid":"12622976","timestamp":1717616484,"truncated":false}
{"function":"log_server_request","level":"INFO","line":2761,"method":"POST","msg":"request","params":{},"path":"/completion","remote_addr":"127.0.0.1","remote_port":53942,"status":200,"tid":"17594334290000","timestamp":1717616484}
{"function":"launch_slot_with_data","level":"INFO","line":876,"msg":"slot is processing task","slot_id":0,"task_id":10067,"tid":"12622976","timestamp":1717616484}
{"function":"update_slots","level":"INFO","line":1904,"msg":"kv cache rm [p0, end)","p0":0,"slot_id":0,"task_id":10067,"tid":"12622976","timestamp":1717616484}
{"function":"print_timings","level":"INFO","line":310,"msg":"prompt eval time     =     390.44 ms /   743 tokens (    0.53 ms per token,  1903.01 tokens per second)","n_tokens_second":1903.005621934509,"num_prompt_tokens_processed":743,"slot_id":0,"t_prompt_processing":390.435,"t_token":0.5254845222072678,"task_id":10067,"tid":"12622976","timestamp":1717616485}
{"function":"print_timings","level":"INFO","line":324,"msg":"generation eval time =     735.46 ms /   100 runs   (    7.35 ms per token,   135.97 tokens per second)","n_decoded":100,"n_tokens_second":135.969879952193,"slot_id":0,"t_token":7.35457,"t_token_generation":735.457,"task_id":10067,"tid":"12622976","timestamp":1717616485}
{"function":"print_timings","level":"INFO","line":334,"msg":"          total time =    1125.89 ms","slot_id":0,"t_prompt_processing":390.435,"t_token_generation":735.457,"t_total":1125.892,"task_id":10067,"tid":"12622976","timestamp":1717616485}
{"function":"update_slots","level":"INFO","line":1715,"msg":"slot released","n_cache_tokens":100,"n_ctx":4096,"n_past":842,"n_system_tokens":0,"slot_id":0,"task_id":10067,"tid":"12622976","timestamp":1717616485,"truncated":false}
{"function":"log_server_request","level":"INFO","line":2761,"method":"POST","msg":"request","params":{},"path":"/completion","remote_addr":"127.0.0.1","remote_port":53952,"status":200,"tid":"17594334290256","timestamp":1717616485}
{"function":"launch_slot_with_data","level":"INFO","line":876,"msg":"slot is processing task","slot_id":0,"task_id":10169,"tid":"12622976","timestamp":1717616485}
{"function":"update_slots","level":"INFO","line":1904,"msg":"kv cache rm [p0, end)","p0":0,"slot_id":0,"task_id":10169,"tid":"12622976","timestamp":1717616485}
{"function":"print_timings","level":"INFO","line":310,"msg":"prompt eval time     =     612.78 ms /   743 tokens (    0.82 ms per token,  1212.51 tokens per second)","n_tokens_second":1212.5108930150886,"num_prompt_tokens_processed":743,"slot_id":0,"t_prompt_processing":612.778,"t_token":0.8247348586810229,"task_id":10169,"tid":"12622976","timestamp":1717616486}
{"function":"print_timings","level":"INFO","line":324,"msg":"generation eval time =     509.53 ms /    70 runs   (    7.28 ms per token,   137.38 tokens per second)","n_decoded":70,"n_tokens_second":137.38204769904695,"slot_id":0,"t_token":7.278971428571428,"t_token_generation":509.528,"task_id":10169,"tid":"12622976","timestamp":1717616486}
{"function":"print_timings","level":"INFO","line":334,"msg":"          total time =    1122.31 ms","slot_id":0,"t_prompt_processing":612.778,"t_token_generation":509.528,"t_total":1122.306,"task_id":10169,"tid":"12622976","timestamp":1717616486}
{"function":"update_slots","level":"INFO","line":1715,"msg":"slot released","n_cache_tokens":70,"n_ctx":4096,"n_past":812,"n_system_tokens":0,"slot_id":0,"task_id":10169,"tid":"12622976","timestamp":1717616486,"truncated":false}
{"function":"log_server_request","level":"INFO","line":2761,"method":"POST","msg":"request","params":{},"path":"/completion","remote_addr":"127.0.0.1","remote_port":53964,"status":200,"tid":"17594334287936","timestamp":1717616486}
{"function":"launch_slot_with_data","level":"INFO","line":876,"msg":"slot is processing task","slot_id":0,"task_id":10241,"tid":"12622976","timestamp":1717616486}
{"function":"update_slots","level":"INFO","line":1904,"msg":"kv cache rm [p0, end)","p0":0,"slot_id":0,"task_id":10241,"tid":"12622976","timestamp":1717616486}
{"function":"print_timings","level":"INFO","line":310,"msg":"prompt eval time     =     440.99 ms /   743 tokens (    0.59 ms per token,  1684.85 tokens per second)","n_tokens_second":1684.8454613483298,"num_prompt_tokens_processed":743,"slot_id":0,"t_prompt_processing":440.99,"t_token":0.5935262449528936,"task_id":10241,"tid":"12622976","timestamp":1717616488}
{"function":"print_timings","level":"INFO","line":324,"msg":"generation eval time =     905.54 ms /   122 runs   (    7.42 ms per token,   134.73 tokens per second)","n_decoded":122,"n_tokens_second":134.72668703763622,"slot_id":0,"t_token":7.4224344262295086,"t_token_generation":905.537,"task_id":10241,"tid":"12622976","timestamp":1717616488}
{"function":"print_timings","level":"INFO","line":334,"msg":"          total time =    1346.53 ms","slot_id":0,"t_prompt_processing":440.99,"t_token_generation":905.537,"t_total":1346.527,"task_id":10241,"tid":"12622976","timestamp":1717616488}
{"function":"update_slots","level":"INFO","line":1715,"msg":"slot released","n_cache_tokens":122,"n_ctx":4096,"n_past":864,"n_system_tokens":0,"slot_id":0,"task_id":10241,"tid":"12622976","timestamp":1717616488,"truncated":false}
{"function":"log_server_request","level":"INFO","line":2761,"method":"POST","msg":"request","params":{},"path":"/completion","remote_addr":"127.0.0.1","remote_port":53976,"status":200,"tid":"17594334302976","timestamp":1717616488}
{"function":"launch_slot_with_data","level":"INFO","line":876,"msg":"slot is processing task","slot_id":0,"task_id":10365,"tid":"12622976","timestamp":1717616488}
{"function":"update_slots","level":"INFO","line":1904,"msg":"kv cache rm [p0, end)","p0":0,"slot_id":0,"task_id":10365,"tid":"12622976","timestamp":1717616488}
{"function":"print_timings","level":"INFO","line":310,"msg":"prompt eval time     =     615.36 ms /   743 tokens (    0.83 ms per token,  1207.43 tokens per second)","n_tokens_second":1207.431145548268,"num_prompt_tokens_processed":743,"slot_id":0,"t_prompt_processing":615.356,"t_token":0.8282045760430686,"task_id":10365,"tid":"12622976","timestamp":1717616489}
{"function":"print_timings","level":"INFO","line":324,"msg":"generation eval time =     479.84 ms /    66 runs   (    7.27 ms per token,   137.55 tokens per second)","n_decoded":66,"n_tokens_second":137.54670856978515,"slot_id":0,"t_token":7.270257575757576,"t_token_generation":479.837,"task_id":10365,"tid":"12622976","timestamp":1717616489}
{"function":"print_timings","level":"INFO","line":334,"msg":"          total time =    1095.19 ms","slot_id":0,"t_prompt_processing":615.356,"t_token_generation":479.837,"t_total":1095.193,"task_id":10365,"tid":"12622976","timestamp":1717616489}
{"function":"update_slots","level":"INFO","line":1715,"msg":"slot released","n_cache_tokens":66,"n_ctx":4096,"n_past":808,"n_system_tokens":0,"slot_id":0,"task_id":10365,"tid":"12622976","timestamp":1717616489,"truncated":false}
{"function":"log_server_request","level":"INFO","line":2761,"method":"POST","msg":"request","params":{},"path":"/completion","remote_addr":"127.0.0.1","remote_port":56062,"status":200,"tid":"17594334303360","timestamp":1717616489}
{"function":"launch_slot_with_data","level":"INFO","line":876,"msg":"slot is processing task","slot_id":0,"task_id":10433,"tid":"12622976","timestamp":1717616489}
{"function":"update_slots","level":"INFO","line":1904,"msg":"kv cache rm [p0, end)","p0":0,"slot_id":0,"task_id":10433,"tid":"12622976","timestamp":1717616489}
{"function":"print_timings","level":"INFO","line":310,"msg":"prompt eval time     =     612.15 ms /   743 tokens (    0.82 ms per token,  1213.76 tokens per second)","n_tokens_second":1213.7607470101136,"num_prompt_tokens_processed":743,"slot_id":0,"t_prompt_processing":612.147,"t_token":0.8238855989232841,"task_id":10433,"tid":"12622976","timestamp":1717616491}
{"function":"print_timings","level":"INFO","line":324,"msg":"generation eval time =     825.26 ms /   112 runs   (    7.37 ms per token,   135.72 tokens per second)","n_decoded":112,"n_tokens_second":135.7154628381981,"slot_id":0,"t_token":7.368357142857143,"t_token_generation":825.256,"task_id":10433,"tid":"12622976","timestamp":1717616491}
{"function":"print_timings","level":"INFO","line":334,"msg":"          total time =    1437.40 ms","slot_id":0,"t_prompt_processing":612.147,"t_token_generation":825.256,"t_total":1437.403,"task_id":10433,"tid":"12622976","timestamp":1717616491}
{"function":"update_slots","level":"INFO","line":1715,"msg":"slot released","n_cache_tokens":112,"n_ctx":4096,"n_past":854,"n_system_tokens":0,"slot_id":0,"task_id":10433,"tid":"12622976","timestamp":1717616491,"truncated":false}
{"function":"log_server_request","level":"INFO","line":2761,"method":"POST","msg":"request","params":{},"path":"/completion","remote_addr":"127.0.0.1","remote_port":56074,"status":200,"tid":"17594334303712","timestamp":1717616491}
